Component: ARM Compiler 5.06 update 6 (build 750) Tool: armlink [4d35ed]

==============================================================================

Section Cross References

    startup_stm32f072xb.o(STACK) refers (Special) to heapauxi.o(.text) for __use_two_region_memory
    startup_stm32f072xb.o(HEAP) refers (Special) to heapauxi.o(.text) for __use_two_region_memory
    startup_stm32f072xb.o(RESET) refers (Special) to heapauxi.o(.text) for __use_two_region_memory
    startup_stm32f072xb.o(RESET) refers to startup_stm32f072xb.o(STACK) for __initial_sp
    startup_stm32f072xb.o(RESET) refers to startup_stm32f072xb.o(.text) for Reset_Handler
    startup_stm32f072xb.o(RESET) refers to stm32f0xx_it.o(i.NMI_Handler) for NMI_Handler
    startup_stm32f072xb.o(RESET) refers to stm32f0xx_it.o(i.HardFault_Handler) for HardFault_Handler
    startup_stm32f072xb.o(RESET) refers to stm32f0xx_it.o(i.SVC_Handler) for SVC_Handler
    startup_stm32f072xb.o(RESET) refers to stm32f0xx_it.o(i.PendSV_Handler) for PendSV_Handler
    startup_stm32f072xb.o(RESET) refers to stm32f0xx_it.o(i.SysTick_Handler) for SysTick_Handler
    startup_stm32f072xb.o(RESET) refers to adc_bsp.o(i.DMA1_Channel1_IRQHandler) for DMA1_Channel1_IRQHandler
    startup_stm32f072xb.o(RESET) refers to usart_bsp.o(i.DMA1_Channel2_3_IRQHandler) for DMA1_Channel2_3_IRQHandler
    startup_stm32f072xb.o(RESET) refers to adc_bsp.o(i.ADC1_COMP_IRQHandler) for ADC1_COMP_IRQHandler
    startup_stm32f072xb.o(RESET) refers to usart_bsp.o(i.USART1_IRQHandler) for USART1_IRQHandler
    startup_stm32f072xb.o(.text) refers (Special) to heapauxi.o(.text) for __use_two_region_memory
    startup_stm32f072xb.o(.text) refers to system_stm32f0xx.o(i.SystemInit) for SystemInit
    startup_stm32f072xb.o(.text) refers to __main.o(!!!main) for __main
    startup_stm32f072xb.o(.text) refers to startup_stm32f072xb.o(HEAP) for Heap_Mem
    startup_stm32f072xb.o(.text) refers to startup_stm32f072xb.o(STACK) for Stack_Mem
    main.o(i.SystemClock_Config) refers to rt_memclr.o(.text) for __aeabi_memclr4
    main.o(i.SystemClock_Config) refers to stm32f0xx_hal_rcc.o(i.HAL_RCC_OscConfig) for HAL_RCC_OscConfig
    main.o(i.SystemClock_Config) refers to main.o(i.Error_Handler) for Error_Handler
    main.o(i.SystemClock_Config) refers to stm32f0xx_hal_rcc.o(i.HAL_RCC_ClockConfig) for HAL_RCC_ClockConfig
    main.o(i.SystemClock_Config) refers to stm32f0xx_hal_rcc_ex.o(i.HAL_RCCEx_PeriphCLKConfig) for HAL_RCCEx_PeriphCLKConfig
    main.o(i.main) refers to rt_memcpy.o(.emb_text) for __aeabi_memcpy4
    main.o(i.main) refers to stm32f0xx_hal.o(i.HAL_GetTick) for HAL_GetTick
    main.o(i.main) refers to stm32f0xx_hal.o(i.HAL_Init) for HAL_Init
    main.o(i.main) refers to main.o(i.SystemClock_Config) for SystemClock_Config
    main.o(i.main) refers to in_memory_app.o(i.InMemory_SystemParam_Check) for InMemory_SystemParam_Check
    main.o(i.main) refers to param_init.o(i.DataFilterParam_Init) for DataFilterParam_Init
    main.o(i.main) refers to param_init.o(i.DataConvertParam_Init) for DataConvertParam_Init
    main.o(i.main) refers to picocap.o(i.PCap_Init) for PCap_Init
    main.o(i.main) refers to dac_bsp.o(i.BSP_DAC_Init) for BSP_DAC_Init
    main.o(i.main) refers to tim_bsp.o(i.TIM_DevObj_Init) for TIM_DevObj_Init
    main.o(i.main) refers to iwdg_bsp.o(i.BSP_IWDG_Init) for BSP_IWDG_Init
    main.o(i.main) refers to param_init.o(i.ModBus_Param_Init) for ModBus_Param_Init
    main.o(i.main) refers to modbus.o(i.ModBus_Init) for ModBus_Init
    main.o(i.main) refers to iwdg_bsp.o(i.BSP_IWDG_Refresh) for BSP_IWDG_Refresh
    main.o(i.main) refers to usart_app.o(i.Sensor_USART_Get_RX_Updata_Flag) for Sensor_USART_Get_RX_Updata_Flag
    main.o(i.main) refers to modbus.o(i.ModbusHandle) for ModbusHandle
    main.o(i.main) refers to usart_app.o(i.Sensor_USART_Clear_RX_Updata_Flag) for Sensor_USART_Clear_RX_Updata_Flag
    main.o(i.main) refers to modbus_conf.o(i.ModbusAutoUpload) for ModbusAutoUpload
    main.o(i.main) refers to picocap_app.o(i.Sensor_PCap_GetResult) for Sensor_PCap_GetResult
    main.o(i.main) refers to picocap_app.o(i.Sensor_DataFilter) for Sensor_DataFilter
    main.o(i.main) refers to picocap_app.o(i.Sensor_PCap_DataConvert) for Sensor_PCap_DataConvert
    main.o(i.main) refers to picocap_app.o(i.Sensor_PCap_DA_Convert) for Sensor_PCap_DA_Convert
    main.o(i.main) refers to dac_bsp.o(i.BSP_Get_DAC) for BSP_Get_DAC
    main.o(i.main) refers to dac_bsp.o(i.BSP_DAC_Convert) for BSP_DAC_Convert
    main.o(i.main) refers to picocap_app.o(i.Sensor_PCap_PWM_Convert) for Sensor_PCap_PWM_Convert
    main.o(i.main) refers to aeabi_sdiv.o(.text) for __aeabi_uidivmod
    main.o(i.main) refers to fflti.o(.text) for __aeabi_ui2f
    main.o(i.main) refers to fscalbn.o(.text) for __ARM_scalbnf
    main.o(i.main) refers to picocap_app.o(i.PCap_GetTemp) for PCap_GetTemp
    main.o(i.main) refers to f2d.o(.text) for __aeabi_f2d
[...]
    .constdata                               0x08009fb7   Section        8  system_stm32f0xx.o(.constdata)
    .constdata                               0x08009fbf   Section      128  ddiv.o(.constdata)
    ddiv_reciptbl                            0x08009fbf   Data         128  ddiv.o(.constdata)
    .constdata                               0x0800a03f   Section       64  fdiv.o(.constdata)
    fdiv_tab                                 0x0800a03f   Data          64  fdiv.o(.constdata)
    .ARM.__AT_0x20000000                     0x20000000   Section      192  main.o(.ARM.__AT_0x20000000)
    .data                                    0x200000c0   Section        8  usart_app.o(.data)
    RX_OverRun_Flag                          0x200000c0   Data           1  usart_app.o(.data)
    TX_Cplt_Flag                             0x200000c1   Data           1  usart_app.o(.data)
    RX_Updata_Flag                           0x200000c2   Data           1  usart_app.o(.data)
    RX_CMatch_Flag                           0x200000c3   Data           1  usart_app.o(.data)
    RX_Len                                   0x200000c4   Data           2  usart_app.o(.data)
    Used_RX_Len                              0x200000c6   Data           2  usart_app.o(.data)
    .data                                    0x200000c8   Section        1  picocap_app.o(.data)
    DataResBuf_Count                         0x200000c8   Data           1  picocap_app.o(.data)
    .data                                    0x200000c9   Section        1  adc_app.o(.data)
    ADC_Updata_Flag                          0x200000c9   Data           1  adc_app.o(.data)
    .data                                    0x200000cc   Section       32  modbus_conf.o(.data)
    CapDA_ClibFlag                           0x200000cc   Data           1  modbus_conf.o(.data)
    CapPWM_ClibFlag                          0x200000cd   Data           1  modbus_conf.o(.data)
    CalibFlag                                0x200000ce   Data           1  modbus_conf.o(.data)
    Calib_DAMin                              0x200000d0   Data           2  modbus_conf.o(.data)
    Calib_DALow                              0x200000d2   Data           2  modbus_conf.o(.data)
    Calib_DAHigh                             0x200000d4   Data           2  modbus_conf.o(.data)
    Calib_DAMax                              0x200000d6   Data           2  modbus_conf.o(.data)
    Calib_PWM0                               0x200000d8   Data           2  modbus_conf.o(.data)
    Calib_PWM1                               0x200000da   Data           2  modbus_conf.o(.data)
    Calib_PWM2                               0x200000dc   Data           2  modbus_conf.o(.data)
    Calib_PWM3                               0x200000de   Data           2  modbus_conf.o(.data)
    Calib_PWM4                               0x200000e0   Data           2  modbus_conf.o(.data)
    Calib_PWM5                               0x200000e2   Data           2  modbus_conf.o(.data)
    Calib_CapMin                             0x200000e4   Data           4  modbus_conf.o(.data)
    Calib_CapMax                             0x200000e8   Data           4  modbus_conf.o(.data)
    .data                                    0x200000ec   Section       12  stm32f0xx_hal.o(.data)
    .data                                    0x200000f8   Section        4  system_stm32f0xx.o(.data)
    .bss                                     0x200000fc   Section      152  main.o(.bss)
    FilterParam                              0x200000fc   Data          16  main.o(.bss)
    DataConvert_Param                        0x2000010c   Data          64  main.o(.bss)
    DataConvert_Out                          0x2000014c   Data          20  main.o(.bss)
    ModBusBaseParam                          0x20000160   Data          32  main.o(.bss)
    ModBus_Device                            0x20000180   Data          20  main.o(.bss)
    .bss                                     0x20000194   Section      128  usart_app.o(.bss)
    USART_Receive_Buf                        0x20000194   Data         128  usart_app.o(.bss)
    .bss                                     0x20000214   Section      888  picocap_app.o(.bss)
    Data_1st_FilterBuf                       0x20000214   Data         384  picocap_app.o(.bss)
    Data_1st_FilterBufBak                    0x20000394   Data         384  picocap_app.o(.bss)
    Data_2nd_FilterBuf                       0x20000514   Data          40  picocap_app.o(.bss)
    Data_2nd_FilterBufBak                    0x2000053c   Data          40  picocap_app.o(.bss)
    DataResBuf                               0x20000564   Data          40  picocap_app.o(.bss)
    .bss                                     0x2000058c   Section       80  adc_app.o(.bss)
    gADC_GetData                             0x2000058c   Data          40  adc_app.o(.bss)
    uADC_GetResult                           0x200005b4   Data          40  adc_app.o(.bss)
    .bss                                     0x200005e0   Section     2048  in_flash.o(.bss)
    Flash_Buf                                0x200005e0   Data        2048  in_flash.o(.bss)
    .bss                                     0x20000de0   Section      100  spi_bsp.o(.bss)
    hspi1                                    0x20000de0   Data         100  spi_bsp.o(.bss)
    .bss                                     0x20000e44   Section      132  adc_bsp.o(.bss)
    hadc                                     0x20000e44   Data          64  adc_bsp.o(.bss)
    hdma_adc                                 0x20000e84   Data          68  adc_bsp.o(.bss)
    .bss                                     0x20000ec8   Section       20  dac_bsp.o(.bss)
    hdac                                     0x20000ec8   Data          20  dac_bsp.o(.bss)
    .bss                                     0x20000edc   Section       16  iwdg_bsp.o(.bss)
    hiwdg                                    0x20000edc   Data          16  iwdg_bsp.o(.bss)
    .bss                                     0x20000eec   Section      264  usart_bsp.o(.bss)
    hdma_usart_rx                            0x20000f6c   Data          68  usart_bsp.o(.bss)
    hdma_usart_tx                            0x20000fb0   Data          68  usart_bsp.o(.bss)
    .bss                                     0x20000ff4   Section       84  tim_bsp.o(.bss)
    htim3                                    0x20001008   Data          64  tim_bsp.o(.bss)
    .bss                                     0x20001048   Section      256  modbus.o(.bss)
    ModBus_Receive_Buf                       0x20001048   Data         128  modbus.o(.bss)
    ModBus_Send_Buf                          0x200010c8   Data         128  modbus.o(.bss)
    .bss                                     0x20001148   Section       80  modbus_ascii.o(.bss)
    Send_Buf                                 0x20001148   Data          80  modbus_ascii.o(.bss)
    .bss                                     0x20001198   Section      101  modbus_conf.o(.bss)
    .bss                                     0x20001200   Section       32  stm32f0xx_hal_flash.o(.bss)
    .bss                                     0x20001220   Section       96  libspace.o(.bss)
    HEAP                                     0x20001280   Section        0  startup_stm32f072xb.o(HEAP)
    STACK                                    0x20001280   Section     1024  startup_stm32f072xb.o(STACK)
    Heap_Mem                                 0x20001280   Data           0  startup_stm32f072xb.o(HEAP)
    Stack_Mem                                0x20001280   Data        1024  startup_stm32f072xb.o(STACK)
    __initial_sp                             0x20001680   Data           0  startup_stm32f072xb.o(STACK)

    Global Symbols

    Symbol Name                              Value     Ov Type        Size  Object(Section)

    BuildAttributes$$THM_ISAv3M$S$PE$A:L22$X:L11$S22$IEEE1$IW$USESV6$~STKCKD$USESV7$~SHL$OTIME$ROPI$IEEEJ$EBA8$UX$STANDARDLIB$REQ8$PRES8$EABIv2 0x00000000   Number         0  anon$$obj.o ABSOLUTE
    __ARM_use_no_argv                        0x00000000   Number         0  main.o ABSOLUTE
    __ARM_exceptions_init                     - Undefined Weak Reference
    __alloca_initialize                       - Undefined Weak Reference
    __arm_preinit_                            - Undefined Weak Reference
    __cpp_initialize__aeabi_                  - Undefined Weak Reference
    __cxa_finalize                            - Undefined Weak Reference
    __rt_locale                               - Undefined Weak Reference
    __sigvec_lookup                           - Undefined Weak Reference
    _atexit_init                              - Undefined Weak Reference
    _call_atexit_fns                          - Undefined Weak Reference
    _clock_init                               - Undefined Weak Reference
    _fp_trap_init                             - Undefined Weak Reference
    _fp_trap_shutdown                         - Undefined Weak Reference
    _get_lc_collate                           - Undefined Weak Reference
    _get_lc_ctype                             - Undefined Weak Reference
    _get_lc_monetary                          - Undefined Weak Reference
    _get_lc_numeric                           - Undefined Weak Reference
    _get_lc_time                              - Undefined Weak Reference
    _getenv_init                              - Undefined Weak Reference
    _handle_redirection                       - Undefined Weak Reference
    _init_alloc                               - Undefined Weak Reference
    _init_user_alloc                          - Undefined Weak Reference
    _initio                                   - Undefined Weak Reference
    _rand_init                                - Undefined Weak Reference
    _signal_finish                            - Undefined Weak Reference
    _signal_init                              - Undefined Weak Reference
    _terminate_alloc                          - Undefined Weak Reference
    _terminate_user_alloc                     - Undefined Weak Reference
    _terminateio                              - Undefined Weak Reference
    __Vectors_Size                           0x000000c0   Number         0  startup_stm32f072xb.o ABSOLUTE
    __Vectors                                0x08003000   Data           4  startup_stm32f072xb.o(RESET)
    __Vectors_End                            0x080030c0   Data           0  startup_stm32f072xb.o(RESET)
    __main                                   0x080030c1   Thumb Code     8  __main.o(!!!main)
    __scatterload                            0x080030c9   Thumb Code     0  __scatter.o(!!!scatter)
    __scatterload_rt2                        0x080030c9   Thumb Code    52  __scatter.o(!!!scatter)
    __scatterload_rt2_thumb_only             0x080030c9   Thumb Code     0  __scatter.o(!!!scatter)
    __scatterload_null                       0x080030d9   Thumb Code     0  __scatter.o(!!!scatter)
    __scatterload_copy                       0x08003105   Thumb Code    26  __scatter_copy.o(!!handler_copy)
    __scatterload_zeroinit                   0x08003121   Thumb Code    28  __scatter_zi.o(!!handler_zi)
    __rt_lib_init                            0x0800313d   Thumb Code     0  libinit.o(.ARM.Collect$$libinit$$00000000)
    __rt_lib_init_alloca_1                   0x0800313f   Thumb Code     0  libinit2.o(.ARM.Collect$$libinit$$0000002E)
    __rt_lib_init_argv_1                     0x0800313f   Thumb Code     0  libinit2.o(.ARM.Collect$$libinit$$0000002C)
    __rt_lib_init_atexit_1                   0x0800313f   Thumb Code     0  libinit2.o(.ARM.Collect$$libinit$$0000001B)
    __rt_lib_init_clock_1                    0x0800313f   Thumb Code     0  libinit2.o(.ARM.Collect$$libinit$$00000021)
    __rt_lib_init_cpp_1                      0x0800313f   Thumb Code     0  libinit2.o(.ARM.Collect$$libinit$$00000032)
    __rt_lib_init_exceptions_1               0x0800313f   Thumb Code     0  libinit2.o(.ARM.Collect$$libinit$$00000030)
    __rt_lib_init_fp_1                       0x0800313f   Thumb Code     0  libinit2.o(.ARM.Collect$$libinit$$00000002)
    __rt_lib_init_fp_trap_1                  0x0800313f   Thumb Code     0  libinit2.o(.ARM.Collect$$libinit$$0000001F)
    __rt_lib_init_getenv_1                   0x0800313f   Thumb Code     0  libinit2.o(.ARM.Collect$$libinit$$00000023)
    __rt_lib_init_heap_1                     0x0800313f   Thumb Code     0  libinit2.o(.ARM.Collect$$libinit$$0000000A)
    __rt_lib_init_lc_collate_1               0x0800313f   Thumb Code     0  libinit2.o(.ARM.Collect$$libinit$$00000011)
    __rt_lib_init_lc_ctype_1                 0x0800313f   Thumb Code     0  libinit2.o(.ARM.Collect$$libinit$$00000013)
    __rt_lib_init_lc_monetary_1              0x0800313f   Thumb Code     0  libinit2.o(.ARM.Collect$$libinit$$00000015)
    __rt_lib_init_lc_numeric_1               0x0800313f   Thumb Code     0  libinit2.o(.ARM.Collect$$libinit$$00000017)
    __rt_lib_init_lc_time_1                  0x0800313f   Thumb Code     0  libinit2.o(.ARM.Collect$$libinit$$00000019)
    __rt_lib_init_preinit_1                  0x0800313f   Thumb Code     0  libinit2.o(.ARM.Collect$$libinit$$00000004)
    __rt_lib_init_rand_1                     0x0800313f   Thumb Code     0  libinit2.o(.ARM.Collect$$libinit$$0000000E)
    __rt_lib_init_return                     0x0800313f   Thumb Code     0  libinit2.o(.ARM.Collect$$libinit$$00000033)
    __rt_lib_init_signal_1                   0x0800313f   Thumb Code     0  libinit2.o(.ARM.Collect$$libinit$$0000001D)
    __rt_lib_init_stdio_1                    0x0800313f   Thumb Code     0  libinit2.o(.ARM.Collect$$libinit$$00000025)
    __rt_lib_init_user_alloc_1               0x0800313f   Thumb Code     0  libinit2.o(.ARM.Collect$$libinit$$0000000C)
    __rt_lib_shutdown                        0x08003141   Thumb Code     0  libshutdown.o(.ARM.Collect$$libshutdown$$00000000)
    __rt_lib_shutdown_cpp_1                  0x08003143   Thumb Code     0  libshutdown2.o(.ARM.Collect$$libshutdown$$00000002)
    __rt_lib_shutdown_fp_trap_1              0x08003143   Thumb Code     0  libshutdown2.o(.ARM.Collect$$libshutdown$$00000007)
    __rt_lib_shutdown_heap_1                 0x08003143   Thumb Code     0  libshutdown2.o(.ARM.Collect$$libshutdown$$0000000F)
    __rt_lib_shutdown_return                 0x08003143   Thumb Code     0  libshutdown2.o(.ARM.Collect$$libshutdown$$00000010)
    __rt_lib_shutdown_signal_1               0x08003143   Thumb Code     0  libshutdown2.o(.ARM.Collect$$libshutdown$$0000000A)
    __rt_lib_shutdown_stdio_1                0x08003143   Thumb Code     0  libshutdown2.o(.ARM.Collect$$libshutdown$$00000004)
    __rt_lib_shutdown_user_alloc_1           0x08003143   Thumb Code     0  libshutdown2.o(.ARM.Collect$$libshutdown$$0000000C)
    __rt_entry                               0x08003145   Thumb Code     0  __rtentry.o(.ARM.Collect$$rtentry$$00000000)
    __rt_entry_presh_1                       0x08003145   Thumb Code     0  __rtentry2.o(.ARM.Collect$$rtentry$$00000002)
    __rt_entry_sh                            0x08003145   Thumb Code     0  __rtentry4.o(.ARM.Collect$$rtentry$$00000004)
    __rt_entry_li                            0x0800314b   Thumb Code     0  __rtentry2.o(.ARM.Collect$$rtentry$$0000000A)
    __rt_entry_postsh_1                      0x0800314b   Thumb Code     0  __rtentry2.o(.ARM.Collect$$rtentry$$00000009)
    __rt_entry_main                          0x0800314f   Thumb Code     0  __rtentry2.o(.ARM.Collect$$rtentry$$0000000D)
    __rt_entry_postli_1                      0x0800314f   Thumb Code     0  __rtentry2.o(.ARM.Collect$$rtentry$$0000000C)
    __rt_exit                                0x08003157   Thumb Code     0  rtexit.o(.ARM.Collect$$rtexit$$00000000)
    __rt_exit_ls                             0x08003159   Thumb Code     0  rtexit2.o(.ARM.Collect$$rtexit$$00000003)
    __rt_exit_prels_1                        0x08003159   Thumb Code     0  rtexit2.o(.ARM.Collect$$rtexit$$00000002)
    __rt_exit_exit                           0x0800315d   Thumb Code     0  rtexit2.o(.ARM.Collect$$rtexit$$00000004)
    __aeabi_memcpy4                          0x08003165   Thumb Code    56  rt_memcpy.o(.emb_text)
    __aeabi_memcpy8                          0x08003165   Thumb Code     0  rt_memcpy.o(.emb_text)
    Reset_Handler                            0x0800319d   Thumb Code     8  startup_stm32f072xb.o(.text)
    CEC_CAN_IRQHandler                       0x080031af   Thumb Code     0  startup_stm32f072xb.o(.text)
    DMA1_Channel4_5_6_7_IRQHandler           0x080031af   Thumb Code     0  startup_stm32f072xb.o(.text)
    EXTI0_1_IRQHandler                       0x080031af   Thumb Code     0  startup_stm32f072xb.o(.text)
    EXTI2_3_IRQHandler                       0x080031af   Thumb Code     0  startup_stm32f072xb.o(.text)
    EXTI4_15_IRQHandler                      0x080031af   Thumb Code     0  startup_stm32f072xb.o(.text)
    FLASH_IRQHandler                         0x080031af   Thumb Code     0  startup_stm32f072xb.o(.text)
    I2C1_IRQHandler                          0x080031af   Thumb Code     0  startup_stm32f072xb.o(.text)
    I2C2_IRQHandler                          0x080031af   Thumb Code     0  startup_stm32f072xb.o(.text)
    PVD_VDDIO2_IRQHandler                    0x080031af   Thumb Code     0  startup_stm32f072xb.o(.text)
    RCC_CRS_IRQHandler                       0x080031af   Thumb Code     0  startup_stm32f072xb.o(.text)
    RTC_IRQHandler                           0x080031af   Thumb Code     0  startup_stm32f072xb.o(.text)
    SPI1_IRQHandler                          0x080031af   Thumb Code     0  startup_stm32f072xb.o(.text)
    SPI2_IRQHandler                          0x080031af   Thumb Code     0  startup_stm32f072xb.o(.text)
    TIM14_IRQHandler                         0x080031af   Thumb Code     0  startup_stm32f072xb.o(.text)
    TIM15_IRQHandler                         0x080031af   Thumb Code     0  startup_stm32f072xb.o(.text)
    TIM16_IRQHandler                         0x080031af   Thumb Code     0  startup_stm32f072xb.o(.text)
    TIM17_IRQHandler                         0x080031af   Thumb Code     0  startup_stm32f072xb.o(.text)
    TIM1_BRK_UP_TRG_COM_IRQHandler           0x080031af   Thumb Code     0  startup_stm32f072xb.o(.text)
    TIM1_CC_IRQHandler                       0x080031af   Thumb Code     0  startup_stm32f072xb.o(.text)
    TIM2_IRQHandler                          0x080031af   Thumb Code     0  startup_stm32f072xb.o(.text)
    TIM3_IRQHandler                          0x080031af   Thumb Code     0  startup_stm32f072xb.o(.text)
    TIM6_DAC_IRQHandler                      0x080031af   Thumb Code     0  startup_stm32f072xb.o(.text)
    TIM7_IRQHandler                          0x080031af   Thumb Code     0  startup_stm32f072xb.o(.text)
    TSC_IRQHandler                           0x080031af   Thumb Code     0  startup_stm32f072xb.o(.text)
    USART2_IRQHandler                        0x080031af   Thumb Code     0  startup_stm32f072xb.o(.text)
    USART3_4_IRQHandler                      0x080031af   Thumb Code     0  startup_stm32f072xb.o(.text)
    USB_IRQHandler                           0x080031af   Thumb Code     0  startup_stm32f072xb.o(.text)
    WWDG_IRQHandler                          0x080031af   Thumb Code     0  startup_stm32f072xb.o(.text)
    __user_initial_stackheap                 0x080031b1   Thumb Code     0  startup_stm32f072xb.o(.text)
    __aeabi_llsr                             0x080031d1   Thumb Code    34  llushr.o(.text)
    _ll_ushift_r                             0x080031d1   Thumb Code     0  llushr.o(.text)
    __aeabi_lmul                             0x080031f3   Thumb Code    48  llmul.o(.text)
    _ll_mul                                  0x080031f3   Thumb Code     0  llmul.o(.text)
    __aeabi_uldivmod                         0x08003223   Thumb Code   258  lludiv.o(.text)
    _ll_udiv                                 0x08003223   Thumb Code     0  lludiv.o(.text)
    __aeabi_memcpy                           0x08003325   Thumb Code   130  rt_memcpy.o(.text)
    __rt_memcpy                              0x08003325   Thumb Code     0  rt_memcpy.o(.text)
    _memset_w                                0x080033a7   Thumb Code    26  rt_memclr.o(.text)
    _memset                                  0x080033c1   Thumb Code    30  rt_memclr.o(.text)
    __aeabi_memclr                           0x080033df   Thumb Code     4  rt_memclr.o(.text)
    __rt_memclr                              0x080033df   Thumb Code     0  rt_memclr.o(.text)
    __aeabi_memclr4                          0x080033e3   Thumb Code     0  rt_memclr.o(.text)
    __aeabi_memclr8                          0x080033e3   Thumb Code     0  rt_memclr.o(.text)
    __rt_memclr_w                            0x080033e3   Thumb Code     4  rt_memclr.o(.text)
    __aeabi_uidiv                            0x080033e7   Thumb Code     0  aeabi_sdiv.o(.text)
    __aeabi_uidivmod                         0x080033e7   Thumb Code    20  aeabi_sdiv.o(.text)
    __aeabi_idiv                             0x080033fb   Thumb Code     0  aeabi_sdiv.o(.text)
    __aeabi_idivmod                          0x080033fb   Thumb Code   326  aeabi_sdiv.o(.text)
    __use_two_region_memory                  0x08003541   Thumb Code     2  heapauxi.o(.text)
    __rt_heap_escrow$2region                 0x08003543   Thumb Code     2  heapauxi.o(.text)
    __rt_heap_expand$2region                 0x08003545   Thumb Code     2  heapauxi.o(.text)
    __aeabi_d2f                              0x08003549   Thumb Code     0  d2f.o(.text)
    _d2f                                     0x08003549   Thumb Code   120  d2f.o(.text)
    __aeabi_dadd                             0x080038bd   Thumb Code     0  daddsub.o(.text)
    _dadd                                    0x080038bd   Thumb Code    26  daddsub.o(.text)
    __aeabi_dsub                             0x080038d7   Thumb Code     0  daddsub.o(.text)
    _dsub                                    0x080038d7   Thumb Code    22  daddsub.o(.text)
    __aeabi_drsub                            0x080038ed   Thumb Code     0  daddsub.o(.text)
    _drsb                                    0x080038ed   Thumb Code    28  daddsub.o(.text)
    __aeabi_ddiv                             0x0800391d   Thumb Code     0  ddiv.o(.text)
    _ddiv                                    0x0800391d   Thumb Code  1072  ddiv.o(.text)
    _drdiv                                   0x08003d4d   Thumb Code    20  ddiv.o(.text)
    __aeabi_d2uiz                            0x08003d65   Thumb Code     0  dfixui.o(.text)
    _dfixu                                   0x08003d65   Thumb Code    68  dfixui.o(.text)
    __aeabi_i2d_normalise                    0x08003dad   Thumb Code    66  dflti.o(.text)
    __aeabi_i2d                              0x08003def   Thumb Code    16  dflti.o(.text)
    _dflt                                    0x08003def   Thumb Code     0  dflti.o(.text)
    __aeabi_ui2d                             0x08003dff   Thumb Code     6  dflti.o(.text)
    _dfltu                                   0x08003dff   Thumb Code     0  dflti.o(.text)
    __aeabi_dmul                             0x08003e05   Thumb Code     0  dmul.o(.text)
    _dmul                                    0x08003e05   Thumb Code   558  dmul.o(.text)
    __aeabi_f2d                              0x0800404d   Thumb Code     0  f2d.o(.text)
    _f2d                                     0x0800404d   Thumb Code    80  f2d.o(.text)
    __aeabi_fdiv                             0x080040a1   Thumb Code     0  fdiv.o(.text)
    _fdiv                                    0x080040a1   Thumb Code   334  fdiv.o(.text)
    _frdiv                                   0x080041ef   Thumb Code     8  fdiv.o(.text)
    __aeabi_f2uiz                            0x08004201   Thumb Code     0  ffixui.o(.text)
    _ffixu                                   0x08004201   Thumb Code    48  ffixui.o(.text)
    __aeabi_i2f_normalise                    0x08004231   Thumb Code    72  fflti.o(.text)
    __aeabi_i2f                              0x08004279   Thumb Code    16  fflti.o(.text)
    _fflt                                    0x08004279   Thumb Code     0  fflti.o(.text)
    __aeabi_ui2f                             0x08004289   Thumb Code     6  fflti.o(.text)
    _ffltu                                   0x08004289   Thumb Code     0  fflti.o(.text)
    __ARM_scalbnf                            0x08004291   Thumb Code    64  fscalbn.o(.text)
    __read_errno                             0x080042d5   Thumb Code    10  _rserrno.o(.text)
    __set_errno                              0x080042df   Thumb Code    12  _rserrno.o(.text)
    _dsqrt                                   0x080042ed   Thumb Code   248  dsqrt.o(.text)
    __aeabi_errno_addr                       0x080043ed   Thumb Code     8  rt_errno_addr_intlibspace.o(.text)
    __errno$intlibspace                      0x080043ed   Thumb Code     0  rt_errno_addr_intlibspace.o(.text)
    __rt_errno_addr$intlibspace              0x080043ed   Thumb Code     0  rt_errno_addr_intlibspace.o(.text)
    __user_libspace                          0x080043f5   Thumb Code     8  libspace.o(.text)
    __user_perproc_libspace                  0x080043f5   Thumb Code     0  libspace.o(.text)
    __user_perthread_libspace                0x080043f5   Thumb Code     0  libspace.o(.text)
    __user_setup_stackheap                   0x080043fd   Thumb Code    62  sys_stackheap_outer.o(.text)
    exit                                     0x0800443b   Thumb Code    16  exit.o(.text)
    _sys_exit                                0x0800444d   Thumb Code     8  sys_exit.o(.text)
    __I$use$semihosting                      0x08004459   Thumb Code     0  use_no_semi.o(.text)
    __use_no_semihosting_swi                 0x08004459   Thumb Code     2  use_no_semi.o(.text)
    __semihosting_library_function           0x0800445b   Thumb Code     0  indicate_semi.o(.text)
    ADC1_COMP_IRQHandler                     0x0800445d   Thumb Code    10  adc_bsp.o(i.ADC1_COMP_IRQHandler)
    BSP_ADC_DMA_Disable_IT                   0x0800446d   Thumb Code    16  adc_bsp.o(i.BSP_ADC_DMA_Disable_IT)
    BSP_DAC_Convert                          0x08004481   Thumb Code    64  dac_bsp.o(i.BSP_DAC_Convert)
    BSP_DAC_Init                             0x080044c9   Thumb Code    54  dac_bsp.o(i.BSP_DAC_Init)
    BSP_Get_DAC                              0x08004509   Thumb Code    40  dac_bsp.o(i.BSP_Get_DAC)
    BSP_IWDG_Init                            0x08004535   Thumb Code    34  iwdg_bsp.o(i.BSP_IWDG_Init)
    BSP_IWDG_Refresh                         0x08004569   Thumb Code    10  iwdg_bsp.o(i.BSP_IWDG_Refresh)
    BSP_SPI_Init                             0x08004579   Thumb Code    66  spi_bsp.o(i.BSP_SPI_Init)
    BSP_SPI_Transmit                         0x080045c5   Thumb Code    26  spi_bsp.o(i.BSP_SPI_Transmit)
    BSP_SPI_TransmitReceive                  0x080045e9   Thumb Code    32  spi_bsp.o(i.BSP_SPI_TransmitReceive)
    BSP_UART_CharMatch_Config                0x08004611   Thumb Code    78  usart_bsp.o(i.BSP_UART_CharMatch_Config)
    BSP_UART_Receive_DMA                     0x08004669   Thumb Code    24  usart_bsp.o(i.BSP_UART_Receive_DMA)
    BSP_UART_ReceiverTimeout_Config          0x08004685   Thumb Code    56  usart_bsp.o(i.BSP_UART_ReceiverTimeout_Config)
    BSP_UART_Transmit_DMA                    0x080046c1   Thumb Code    24  usart_bsp.o(i.BSP_UART_Transmit_DMA)
    BSP_USART_UART_Init                      0x080046dd   Thumb Code    74  usart_bsp.o(i.BSP_USART_UART_Init)
    DMA1_Channel1_IRQHandler                 0x08004751   Thumb Code    10  adc_bsp.o(i.DMA1_Channel1_IRQHandler)
    DMA1_Channel2_3_IRQHandler               0x08004761   Thumb Code    18  usart_bsp.o(i.DMA1_Channel2_3_IRQHandler)
    DataConvertParam_Init                    0x080047c7   Thumb Code    14  param_init.o(i.DataConvertParam_Init)
    DataFilterParam_Init                     0x080047d5   Thumb Code    52  param_init.o(i.DataFilterParam_Init)
    Error_Handler                            0x08004809   Thumb Code     2  main.o(i.Error_Handler)
    FLASH_PageErase                          0x08004831   Thumb Code    28  stm32f0xx_hal_flash_ex.o(i.FLASH_PageErase)
    FLASH_WaitForLastOperation               0x080048ad   Thumb Code    76  stm32f0xx_hal_flash.o(i.FLASH_WaitForLastOperation)
    GetAverage                               0x0800491d   Thumb Code    56  typeconvert.o(i.GetAverage)
    GetDelExtremeAndAverage                  0x08004955   Thumb Code    36  typeconvert.o(i.GetDelExtremeAndAverage)
    HAL_ADC_ConvCpltCallback                 0x08004979   Thumb Code    24  adc_app.o(i.HAL_ADC_ConvCpltCallback)
    HAL_ADC_ErrorCallback                    0x08004999   Thumb Code     2  stm32f0xx_hal_adc.o(i.HAL_ADC_ErrorCallback)
    HAL_ADC_IRQHandler                       0x0800499b   Thumb Code   208  stm32f0xx_hal_adc.o(i.HAL_ADC_IRQHandler)
    HAL_ADC_LevelOutOfWindowCallback         0x08004a6b   Thumb Code     2  stm32f0xx_hal_adc.o(i.HAL_ADC_LevelOutOfWindowCallback)
    HAL_DAC_ConfigChannel                    0x08004a6d   Thumb Code    52  stm32f0xx_hal_dac_ex.o(i.HAL_DAC_ConfigChannel)
    HAL_DAC_GetValue                         0x08004aa5   Thumb Code    14  stm32f0xx_hal_dac_ex.o(i.HAL_DAC_GetValue)
    HAL_DAC_Init                             0x08004ab3   Thumb Code    44  stm32f0xx_hal_dac.o(i.HAL_DAC_Init)
    HAL_DAC_MspInit                          0x08004ae1   Thumb Code    72  dac_bsp.o(i.HAL_DAC_MspInit)
    HAL_DAC_SetValue                         0x08004b2d   Thumb Code    32  stm32f0xx_hal_dac.o(i.HAL_DAC_SetValue)
    HAL_DAC_Start                            0x08004b4d   Thumb Code    86  stm32f0xx_hal_dac_ex.o(i.HAL_DAC_Start)
    HAL_DMA_IRQHandler                       0x08004ba3   Thumb Code   170  stm32f0xx_hal_dma.o(i.HAL_DMA_IRQHandler)
    HAL_DMA_Init                             0x08004c4d   Thumb Code    76  stm32f0xx_hal_dma.o(i.HAL_DMA_Init)
    HAL_DMA_Start_IT                         0x08004c9d   Thumb Code   114  stm32f0xx_hal_dma.o(i.HAL_DMA_Start_IT)
    HAL_Delay                                0x08004d11   Thumb Code    32  stm32f0xx_hal.o(i.HAL_Delay)
    HAL_FLASHEx_Erase                        0x08004d35   Thumb Code   148  stm32f0xx_hal_flash_ex.o(i.HAL_FLASHEx_Erase)
    HAL_FLASH_Lock                           0x08004dd5   Thumb Code    14  stm32f0xx_hal_flash.o(i.HAL_FLASH_Lock)
    HAL_FLASH_Program                        0x08004de9   Thumb Code   120  stm32f0xx_hal_flash.o(i.HAL_FLASH_Program)
    HAL_FLASH_Unlock                         0x08004e6d   Thumb Code    28  stm32f0xx_hal_flash.o(i.HAL_FLASH_Unlock)
    HAL_GPIO_Init                            0x08004e95   Thumb Code   314  stm32f0xx_hal_gpio.o(i.HAL_GPIO_Init)
    HAL_GPIO_WritePin                        0x08004fed   Thumb Code    12  stm32f0xx_hal_gpio.o(i.HAL_GPIO_WritePin)
    HAL_GetTick                              0x08004ff9   Thumb Code     6  stm32f0xx_hal.o(i.HAL_GetTick)
    HAL_IWDG_Init                            0x08005005   Thumb Code    88  stm32f0xx_hal_iwdg.o(i.HAL_IWDG_Init)
    HAL_IWDG_Refresh                         0x08005069   Thumb Code    10  stm32f0xx_hal_iwdg.o(i.HAL_IWDG_Refresh)
    HAL_IncTick                              0x08005079   Thumb Code    12  stm32f0xx_hal.o(i.HAL_IncTick)
    HAL_Init                                 0x08005089   Thumb Code    26  stm32f0xx_hal.o(i.HAL_Init)
    HAL_InitTick                             0x080050a9   Thumb Code    62  stm32f0xx_hal.o(i.HAL_InitTick)
    HAL_MspInit                              0x080050f1   Thumb Code    48  stm32f0xx_hal_msp.o(i.HAL_MspInit)
    HAL_NVIC_EnableIRQ                       0x08005125   Thumb Code    18  stm32f0xx_hal_cortex.o(i.HAL_NVIC_EnableIRQ)
    HAL_NVIC_SetPriority                     0x0800513d   Thumb Code     8  stm32f0xx_hal_cortex.o(i.HAL_NVIC_SetPriority)
    HAL_NVIC_SystemReset                     0x08005145   Thumb Code    18  stm32f0xx_hal_cortex.o(i.HAL_NVIC_SystemReset)
    HAL_RCCEx_PeriphCLKConfig                0x08005161   Thumb Code   280  stm32f0xx_hal_rcc_ex.o(i.HAL_RCCEx_PeriphCLKConfig)
    HAL_RCC_ClockConfig                      0x08005285   Thumb Code   280  stm32f0xx_hal_rcc.o(i.HAL_RCC_ClockConfig)
    HAL_RCC_GetHCLKFreq                      0x080053b1   Thumb Code     6  stm32f0xx_hal_rcc.o(i.HAL_RCC_GetHCLKFreq)
    HAL_RCC_GetPCLK1Freq                     0x080053bd   Thumb Code    22  stm32f0xx_hal_rcc.o(i.HAL_RCC_GetPCLK1Freq)
    HAL_RCC_GetSysClockFreq                  0x080053dd   Thumb Code   144  stm32f0xx_hal_rcc.o(i.HAL_RCC_GetSysClockFreq)
    HAL_RCC_OscConfig                        0x08005499   Thumb Code  1186  stm32f0xx_hal_rcc.o(i.HAL_RCC_OscConfig)
    HAL_SPI_Init                             0x0800593b   Thumb Code   186  stm32f0xx_hal_spi.o(i.HAL_SPI_Init)
    HAL_SPI_MspInit                          0x080059f5   Thumb Code   126  spi_bsp.o(i.HAL_SPI_MspInit)
    HAL_SPI_Transmit                         0x08005a7d   Thumb Code   440  stm32f0xx_hal_spi.o(i.HAL_SPI_Transmit)
    HAL_SPI_TransmitReceive                  0x08005c35   Thumb Code   626  stm32f0xx_hal_spi.o(i.HAL_SPI_TransmitReceive)
    HAL_SYSTICK_Config                       0x08005ea9   Thumb Code    38  stm32f0xx_hal_cortex.o(i.HAL_SYSTICK_Config)
    HAL_TIMEx_MasterConfigSynchronization    0x08005ed9   Thumb Code    84  stm32f0xx_hal_tim_ex.o(i.HAL_TIMEx_MasterConfigSynchronization)
    HAL_TIM_Base_Init                        0x08005f39   Thumb Code    54  stm32f0xx_hal_tim.o(i.HAL_TIM_Base_Init)
    HAL_TIM_Base_MspInit                     0x08005f71   Thumb Code    90  tim_bsp.o(i.HAL_TIM_Base_MspInit)
    HAL_TIM_ConfigClockSource                0x08005fd9   Thumb Code   220  stm32f0xx_hal_tim.o(i.HAL_TIM_ConfigClockSource)
    HAL_TIM_GenerateEvent                    0x080060b5   Thumb Code    36  stm32f0xx_hal_tim.o(i.HAL_TIM_GenerateEvent)
    HAL_TIM_MspPostInit                      0x080060d9   Thumb Code   110  tim_bsp.o(i.HAL_TIM_MspPostInit)
    HAL_TIM_PWM_ConfigChannel                0x08006151   Thumb Code   224  stm32f0xx_hal_tim.o(i.HAL_TIM_PWM_ConfigChannel)
    HAL_TIM_PWM_Init                         0x08006231   Thumb Code    54  stm32f0xx_hal_tim.o(i.HAL_TIM_PWM_Init)
    HAL_TIM_PWM_MspInit                      0x08006267   Thumb Code     2  stm32f0xx_hal_tim.o(i.HAL_TIM_PWM_MspInit)
    HAL_TIM_PWM_Start                        0x08006269   Thumb Code    72  stm32f0xx_hal_tim.o(i.HAL_TIM_PWM_Start)
    HAL_UART_CMatchCallback                  0x080062c1   Thumb Code    54  usart_app.o(i.HAL_UART_CMatchCallback)
    HAL_UART_ErrorCallback                   0x080062fd   Thumb Code     2  stm32f0xx_hal_uart.o(i.HAL_UART_ErrorCallback)
    HAL_UART_Init                            0x080062ff   Thumb Code   112  stm32f0xx_hal_uart.o(i.HAL_UART_Init)
    HAL_UART_MspInit                         0x08006371   Thumb Code   240  usart_bsp.o(i.HAL_UART_MspInit)
    HAL_UART_Receive_DMA                     0x0800646d   Thumb Code   178  stm32f0xx_hal_uart.o(i.HAL_UART_Receive_DMA)
    HAL_UART_RxCpltCallback                  0x0800652d   Thumb Code     8  usart_app.o(i.HAL_UART_RxCpltCallback)
    HAL_UART_RxHalfCpltCallback              0x08006539   Thumb Code     2  stm32f0xx_hal_uart.o(i.HAL_UART_RxHalfCpltCallback)
    HAL_UART_RxTimoCallback                  0x0800653d   Thumb Code    56  usart_app.o(i.HAL_UART_RxTimoCallback)
    HAL_UART_Transmit_DMA                    0x08006579   Thumb Code   168  stm32f0xx_hal_uart.o(i.HAL_UART_Transmit_DMA)
    HAL_UART_TxCpltCallback                  0x0800662d   Thumb Code    24  usart_app.o(i.HAL_UART_TxCpltCallback)
    HAL_UART_TxHalfCpltCallback              0x08006649   Thumb Code     2  stm32f0xx_hal_uart.o(i.HAL_UART_TxHalfCpltCallback)
    HardFault_Handler                        0x0800664b   Thumb Code     2  stm32f0xx_it.o(i.HardFault_Handler)
    HexToFloat                               0x0800664d   Thumb Code    22  typeconvert.o(i.HexToFloat)
    InFlash_Erase_Page                       0x08006665   Thumb Code    42  in_flash.o(i.InFlash_Erase_Page)
    InFlash_Read_MultiBytes                  0x08006695   Thumb Code    32  in_flash.o(i.InFlash_Read_MultiBytes)
    InFlash_Read_OneByte                     0x080066b5   Thumb Code     8  in_flash.o(i.InFlash_Read_OneByte)
    InFlash_Write_MultiBytes                 0x080066c1   Thumb Code   224  in_flash.o(i.InFlash_Write_MultiBytes)
    InFlash_Write_OneByte                    0x080067a9   Thumb Code   172  in_flash.o(i.InFlash_Write_OneByte)
    InMemory_Read_MultiBytes                 0x0800685d   Thumb Code     8  in_memory_app.o(i.InMemory_Read_MultiBytes)
    InMemory_Read_OneByte                    0x08006865   Thumb Code     8  in_memory_app.o(i.InMemory_Read_OneByte)
    InMemory_SystemParam_Check               0x0800686d   Thumb Code   124  in_memory_app.o(i.InMemory_SystemParam_Check)
    InMemory_Write2T_MultiBytes              0x080068f1   Thumb Code    52  in_memory_app.o(i.InMemory_Write2T_MultiBytes)
    InMemory_Write_MultiBytes                0x08006925   Thumb Code     8  in_memory_app.o(i.InMemory_Write_MultiBytes)
    InMemory_Write_OneByte                   0x0800692d   Thumb Code     8  in_memory_app.o(i.InMemory_Write_OneByte)
    MB_CapDAOut_Calibration                  0x08006935   Thumb Code    74  modbus_conf.o(i.MB_CapDAOut_Calibration)
    MB_CapPWMOut_Calibration                 0x08006985   Thumb Code   102  modbus_conf.o(i.MB_CapPWMOut_Calibration)
    MB_Cap_Calibration                       0x080069f1   Thumb Code    42  modbus_conf.o(i.MB_Cap_Calibration)
    MODBUS_ASCII_AsciiPacketToRtuPacket      0x08006a63   Thumb Code    40  modbus_ascii.o(i.MODBUS_ASCII_AsciiPacketToRtuPacket)
    MODBUS_ASCII_AsciiToHex                  0x08006a8b   Thumb Code    64  modbus_ascii.o(i.MODBUS_ASCII_AsciiToHex)
    MODBUS_ASCII_CheckAscii                  0x08006acb   Thumb Code    50  modbus_ascii.o(i.MODBUS_ASCII_CheckAscii)
    MODBUS_ASCII_HexToAscii                  0x08006afd   Thumb Code    36  modbus_ascii.o(i.MODBUS_ASCII_HexToAscii)
    MODBUS_ASCII_RecvData                    0x08006b21   Thumb Code   112  modbus_ascii.o(i.MODBUS_ASCII_RecvData)
    MODBUS_ASCII_RtuPacketToAsciiPacket      0x08006b91   Thumb Code    38  modbus_ascii.o(i.MODBUS_ASCII_RtuPacketToAsciiPacket)
    MODBUS_ASCII_SendData                    0x08006bb9   Thumb Code   122  modbus_ascii.o(i.MODBUS_ASCII_SendData)
    MODBUS_GetLrc                            0x08006c39   Thumb Code    28  modbus_ascii.o(i.MODBUS_GetLrc)
    ModBus_Init                              0x08006c55   Thumb Code    26  modbus.o(i.ModBus_Init)
    ModBus_Param_Init                        0x08006c75   Thumb Code    14  param_init.o(i.ModBus_Param_Init)
    ModbusAutoUpload                         0x08006d23   Thumb Code   110  modbus_conf.o(i.ModbusAutoUpload)
    ModbusFunc03                             0x08006d91   Thumb Code   368  modbus_conf.o(i.ModbusFunc03)
    ModbusFunc04                             0x08006f0d   Thumb Code   262  modbus_conf.o(i.ModbusFunc04)
    ModbusFunc05                             0x08007015   Thumb Code   258  modbus_conf.o(i.ModbusFunc05)
    ModbusFunc10                             0x08007125   Thumb Code   552  modbus_conf.o(i.ModbusFunc10)
    ModbusFunc25                             0x08007355   Thumb Code   454  modbus_conf.o(i.ModbusFunc25)
    ModbusFunc26                             0x08007521   Thumb Code   502  modbus_conf.o(i.ModbusFunc26)
    ModbusFunc27                             0x08007719   Thumb Code  1284  modbus_conf.o(i.ModbusFunc27)
    ModbusFunc2A                             0x08007c21   Thumb Code     2  modbus.o(i.ModbusFunc2A)
    ModbusFunc2B                             0x08007c25   Thumb Code   352  modbus_conf.o(i.ModbusFunc2B)
    ModbusFunc41                             0x08007d89   Thumb Code   106  modbus_conf.o(i.ModbusFunc41)
    ModbusHandle                             0x08007dfd   Thumb Code   236  modbus.o(i.ModbusHandle)
    NMI_Handler                              0x08007ee9   Thumb Code     2  stm32f0xx_it.o(i.NMI_Handler)
    PCap_Enable                              0x08007eeb   Thumb Code    56  picocap.o(i.PCap_Enable)
    PCap_GetTemp                             0x08007f25   Thumb Code    58  picocap_app.o(i.PCap_GetTemp)
    PCap_Init                                0x08007f7d   Thumb Code    84  picocap.o(i.PCap_Init)
    PCap_Measure                             0x08007fd1   Thumb Code    44  picocap.o(i.PCap_Measure)
    PCap_PTL_Reset                           0x08008049   Thumb Code    44  picocap.o(i.PCap_PTL_Reset)
    PCap_Reg_Config                          0x08008075   Thumb Code    74  picocap.o(i.PCap_Reg_Config)
    PCap_Res_Data                            0x080080c5   Thumb Code    76  picocap.o(i.PCap_Res_Data)
    PCap_Res_Sta                             0x08008111   Thumb Code    72  picocap.o(i.PCap_Res_Sta)
    PCap_Reset                               0x08008159   Thumb Code    44  picocap.o(i.PCap_Reset)
    PCap_WR_SRAM                             0x08008185   Thumb Code   174  picocap.o(i.PCap_WR_SRAM)
    PendSV_Handler                           0x08008239   Thumb Code     2  stm32f0xx_it.o(i.PendSV_Handler)
    SVC_Handler                              0x080083bd   Thumb Code     2  stm32f0xx_it.o(i.SVC_Handler)
    Send_Data                                0x080083bf   Thumb Code    40  modbus.o(i.Send_Data)
    Sensor_DataFilter                        0x080083e9   Thumb Code   384  picocap_app.o(i.Sensor_DataFilter)
    Sensor_PCap_DA_Convert                   0x08008579   Thumb Code   362  picocap_app.o(i.Sensor_PCap_DA_Convert)
    Sensor_PCap_DataConvert                  0x080086e5   Thumb Code   150  picocap_app.o(i.Sensor_PCap_DataConvert)
    Sensor_PCap_GetResult                    0x08008785   Thumb Code    56  picocap_app.o(i.Sensor_PCap_GetResult)
    Sensor_PCap_PWM_Convert                  0x080087bd   Thumb Code   386  picocap_app.o(i.Sensor_PCap_PWM_Convert)
    Sensor_USART_Clear_RX_Updata_Flag        0x08008941   Thumb Code     8  usart_app.o(i.Sensor_USART_Clear_RX_Updata_Flag)
    Sensor_USART_Clear_TX_Cplt_Flag          0x0800894d   Thumb Code     8  usart_app.o(i.Sensor_USART_Clear_TX_Cplt_Flag)
    Sensor_USART_GetReceData                 0x08008959   Thumb Code    76  usart_app.o(i.Sensor_USART_GetReceData)
    Sensor_USART_Get_RX_Updata_Flag          0x080089ad   Thumb Code     6  usart_app.o(i.Sensor_USART_Get_RX_Updata_Flag)
    Sensor_USART_Get_TX_Cplt_Flag            0x080089b9   Thumb Code     6  usart_app.o(i.Sensor_USART_Get_TX_Cplt_Flag)
    Sensor_USART_Init                        0x080089c5   Thumb Code   118  usart_app.o(i.Sensor_USART_Init)
    SortArrayExtreme                         0x08008a41   Thumb Code    98  typeconvert.o(i.SortArrayExtreme)
    SwitchCurFilter                          0x08008aa3   Thumb Code   118  picocap_app.o(i.SwitchCurFilter)
    SysTick_Handler                          0x08008b19   Thumb Code     8  stm32f0xx_it.o(i.SysTick_Handler)
    SystemClock_Config                       0x08008b21   Thumb Code   120  main.o(i.SystemClock_Config)
    SystemInit                               0x08008b99   Thumb Code     2  system_stm32f0xx.o(i.SystemInit)
    TIM_Base_SetConfig                       0x08008d45   Thumb Code   124  stm32f0xx_hal_tim.o(i.TIM_Base_SetConfig)
    TIM_CCxChannelCmd                        0x08008dd9   Thumb Code    26  stm32f0xx_hal_tim.o(i.TIM_CCxChannelCmd)
    TIM_DevObj_Init                          0x08008df5   Thumb Code    16  tim_bsp.o(i.TIM_DevObj_Init)
    TIM_ETR_SetConfig                        0x08008e15   Thumb Code    22  stm32f0xx_hal_tim.o(i.TIM_ETR_SetConfig)
    TIM_OC2_SetConfig                        0x08008ec9   Thumb Code   122  stm32f0xx_hal_tim.o(i.TIM_OC2_SetConfig)
    UART_AdvFeatureConfig                    0x08009099   Thumb Code   202  stm32f0xx_hal_uart.o(i.UART_AdvFeatureConfig)
    UART_CheckIdleState                      0x08009165   Thumb Code    94  stm32f0xx_hal_uart.o(i.UART_CheckIdleState)
    UART_SetConfig                           0x080092c1   Thumb Code   436  stm32f0xx_hal_uart.o(i.UART_SetConfig)
    UART_WaitOnFlagUntilTimeout              0x08009499   Thumb Code   162  stm32f0xx_hal_uart.o(i.UART_WaitOnFlagUntilTimeout)
    USART1_IRQHandler                        0x0800953d   Thumb Code   130  usart_bsp.o(i.USART1_IRQHandler)
    __ARM_common_ll_muluu                    0x08009611   Thumb Code    48  stm32f0xx_hal_rcc.o(i.__ARM_common_ll_muluu)
    __ARM_common_switch8                     0x08009641   Thumb Code    26  usart_app.o(i.__ARM_common_switch8)
    main                                     0x080096a1   Thumb Code   444  main.o(i.main)
    sqrt                                     0x0800988d   Thumb Code    66  sqrt.o(i.sqrt)
    __aeabi_fadd                             0x080098d5   Thumb Code     0  faddsub.o(x$fpl$fadd)
    _fadd                                    0x080098d5   Thumb Code   134  faddsub.o(x$fpl$fadd)
    __aeabi_fmul                             0x08009961   Thumb Code     0  fmul.o(x$fpl$fmul)
    _fmul                                    0x08009961   Thumb Code   172  fmul.o(x$fpl$fmul)
    __aeabi_frsub                            0x08009a11   Thumb Code     0  faddsub.o(x$fpl$frsb)
    _frsb                                    0x08009a11   Thumb Code    24  faddsub.o(x$fpl$frsb)
    __aeabi_fsub                             0x08009a29   Thumb Code     0  faddsub.o(x$fpl$fsub)
    _fsub                                    0x08009a29   Thumb Code   204  faddsub.o(x$fpl$fsub)
    System_Param_Flag                        0x08009af8   Data           1  in_memory_app.o(.constdata)
    __I$use$fp                               0x08009af8   Number         0  usenofp.o(x$fpl$usenofp)
    Default_FilterFactor                     0x08009afc   Data           4  in_memory_app.o(.constdata)
    Default_ModBusBaseParam                  0x08009b00   Data          32  in_memory_app.o(.constdata)
    Default_DataConvert_Param                0x08009b20   Data          64  in_memory_app.o(.constdata)
    SRAM_DATA                                0x08009b60   Data         944  picocap.o(.constdata)
    REG                                      0x08009f10   Data          84  picocap.o(.constdata)
    Hardware_Version                         0x08009f64   Data           8  modbus_conf.o(.constdata)
    Software_Version                         0x08009f6c   Data           8  modbus_conf.o(.constdata)
    Customer_Code                            0x08009f74   Data           8  modbus_conf.o(.constdata)
    Company_Name                             0x08009f7c   Data          10  modbus_conf.o(.constdata)
    Product_Code                             0x08009f86   Data          21  modbus_conf.o(.constdata)
    Device_ID                                0x08009f9b   Data          12  modbus_conf.o(.constdata)
    AHBPrescTable                            0x08009fa7   Data          16  system_stm32f0xx.o(.constdata)
    APBPrescTable                            0x08009fb7   Data           8  system_stm32f0xx.o(.constdata)
    Region$$Table$$Base                      0x0800a080   Number         0  anon$$obj.o(Region$$Table)
    Region$$Table$$Limit                     0x0800a0a0   Number         0  anon$$obj.o(Region$$Table)
    VectorTable                              0x20000000   Data         192  main.o(.ARM.__AT_0x20000000)
    uwTickFreq                               0x200000ec   Data           1  stm32f0xx_hal.o(.data)
    uwTickPrio                               0x200000f0   Data           4  stm32f0xx_hal.o(.data)
    uwTick                                   0x200000f4   Data           4  stm32f0xx_hal.o(.data)
    SystemCoreClock                          0x200000f8   Data           4  system_stm32f0xx.o(.data)
    huart                                    0x20000eec   Data         128  usart_bsp.o(.bss)
    tim_dev                                  0x20000ff4   Data          20  tim_bsp.o(.bss)
    System_Param_Buf                         0x20001198   Data         101  modbus_conf.o(.bss)
    pFlash                                   0x20001200   Data          32  stm32f0xx_hal_flash.o(.bss)
    __libspace_start                         0x20001220   Data          96  libspace.o(.bss)
    __temporary_stack_top$libspace           0x20001280   Data           0  libspace.o(.bss)



==============================================================================

Memory Map of the image

  Image Entry point : 0x080030c1

  Load Region LR_IROM1 (Base: 0x08003000, Size: 0x000070dc, Max: 0x0000d000, ABSOLUTE)

    Execution Region ER_IROM1 (Exec base: 0x08003000, Load base: 0x08003000, Size: 0x000070a0, Max: 0x0000d000, ABSOLUTE)

    Exec Addr    Load Addr    Size         Type   Attr      Idx    E Section Name        Object

    0x08003000   0x08003000   0x000000c0   Data   RO            3    RESET               startup_stm32f072xb.o
    0x080030c0   0x080030c0   0x00000008   Code   RO         4700  * !!!main             c_p.l(__main.o)
    0x080030c8   0x080030c8   0x0000003c   Code   RO         4933    !!!scatter          c_p.l(__scatter.o)
    0x08003104   0x08003104   0x0000001a   Code   RO         4935    !!handler_copy      c_p.l(__scatter_copy.o)
    0x0800311e   0x0800311e   0x00000002   PAD
    0x08003120   0x08003120   0x0000001c   Code   RO         4937    !!handler_zi        c_p.l(__scatter_zi.o)
    0x0800313c   0x0800313c   0x00000002   Code   RO         4799    .ARM.Collect$$libinit$$00000000  c_p.l(libinit.o)
    0x0800313e   0x0800313e   0x00000000   Code   RO         4814    .ARM.Collect$$libinit$$00000002  c_p.l(libinit2.o)
    0x0800313e   0x0800313e   0x00000000   Code   RO         4816    .ARM.Collect$$libinit$$00000004  c_p.l(libinit2.o)
    0x0800313e   0x0800313e   0x00000000   Code   RO         4819    .ARM.Collect$$libinit$$0000000A  c_p.l(libinit2.o)
    0x0800313e   0x0800313e   0x00000000   Code   RO         4821    .ARM.Collect$$libinit$$0000000C  c_p.l(libinit2.o)
    0x0800313e   0x0800313e   0x00000000   Code   RO         4823    .ARM.Collect$$libinit$$0000000E  c_p.l(libinit2.o)
    0x0800313e   0x0800313e   0x00000000   Code   RO         4826    .ARM.Collect$$libinit$$00000011  c_p.l(libinit2.o)
    0x0800313e   0x0800313e   0x00000000   Code   RO         4828    .ARM.Collect$$libinit$$00000013  c_p.l(libinit2.o)
    0x0800313e   0x0800313e   0x00000000   Code   RO         4830    .ARM.Collect$$libinit$$00000015  c_p.l(libinit2.o)
    0x0800313e   0x0800313e   0x00000000   Code   RO         4832    .ARM.Collect$$libinit$$00000017  c_p.l(libinit2.o)
    0x0800313e   0x0800313e   0x00000000   Code   RO         4834    .ARM.Collect$$libinit$$00000019  c_p.l(libinit2.o)
    0x0800313e   0x0800313e   0x00000000   Code   RO         4836    .ARM.Collect$$libinit$$0000001B  c_p.l(libinit2.o)
    0x0800313e   0x0800313e   0x00000000   Code   RO         4838    .ARM.Collect$$libinit$$0000001D  c_p.l(libinit2.o)
    0x0800313e   0x0800313e   0x00000000   Code   RO         4840    .ARM.Collect$$libinit$$0000001F  c_p.l(libinit2.o)
    0x0800313e   0x0800313e   0x00000000   Code   RO         4842    .ARM.Collect$$libinit$$00000021  c_p.l(libinit2.o)
    0x0800313e   0x0800313e   0x00000000   Code   RO         4844    .ARM.Collect$$libinit$$00000023  c_p.l(libinit2.o)
    0x0800313e   0x0800313e   0x00000000   Code   RO         4846    .ARM.Collect$$libinit$$00000025  c_p.l(libinit2.o)
    0x0800313e   0x0800313e   0x00000000   Code   RO         4850    .ARM.Collect$$libinit$$0000002C  c_p.l(libinit2.o)
    0x0800313e   0x0800313e   0x00000000   Code   RO         4852    .ARM.Collect$$libinit$$0000002E  c_p.l(libinit2.o)
    0x0800313e   0x0800313e   0x00000000   Code   RO         4854    .ARM.Collect$$libinit$$00000030  c_p.l(libinit2.o)
    0x0800313e   0x0800313e   0x00000000   Code   RO         4856    .ARM.Collect$$libinit$$00000032  c_p.l(libinit2.o)
    0x0800313e   0x0800313e   0x00000002   Code   RO         4857    .ARM.Collect$$libinit$$00000033  c_p.l(libinit2.o)
    0x08003140   0x08003140   0x00000002   Code   RO         4890    .ARM.Collect$$libshutdown$$00000000  c_p.l(libshutdown.o)
    0x08003142   0x08003142   0x00000000   Code   RO         4916    .ARM.Collect$$libshutdown$$00000002  c_p.l(libshutdown2.o)
    0x08003142   0x08003142   0x00000000   Code   RO         4918    .ARM.Collect$$libshutdown$$00000004  c_p.l(libshutdown2.o)
    0x08003142   0x08003142   0x00000000   Code   RO         4921    .ARM.Collect$$libshutdown$$00000007  c_p.l(libshutdown2.o)
    0x08003142   0x08003142   0x00000000   Code   RO         4924    .ARM.Collect$$libshutdown$$0000000A  c_p.l(libshutdown2.o)
    0x08003142   0x08003142   0x00000000   Code   RO         4926    .ARM.Collect$$libshutdown$$0000000C  c_p.l(libshutdown2.o)
    0x08003142   0x08003142   0x00000000   Code   RO         4929    .ARM.Collect$$libshutdown$$0000000F  c_p.l(libshutdown2.o)
    0x08003142   0x08003142   0x00000002   Code   RO         4930    .ARM.Collect$$libshutdown$$00000010  c_p.l(libshutdown2.o)
    0x08003144   0x08003144   0x00000000   Code   RO         4742    .ARM.Collect$$rtentry$$00000000  c_p.l(__rtentry.o)
    0x08003144   0x08003144   0x00000000   Code   RO         4759    .ARM.Collect$$rtentry$$00000002  c_p.l(__rtentry2.o)
    0x08003144   0x08003144   0x00000006   Code   RO         4771    .ARM.Collect$$rtentry$$00000004  c_p.l(__rtentry4.o)
    0x0800314a   0x0800314a   0x00000000   Code   RO         4761    .ARM.Collect$$rtentry$$00000009  c_p.l(__rtentry2.o)
    0x0800314a   0x0800314a   0x00000004   Code   RO         4762    .ARM.Collect$$rtentry$$0000000A  c_p.l(__rtentry2.o)
    0x0800314e   0x0800314e   0x00000000   Code   RO         4764    .ARM.Collect$$rtentry$$0000000C  c_p.l(__rtentry2.o)
    0x0800314e   0x0800314e   0x00000008   Code   RO         4765    .ARM.Collect$$rtentry$$0000000D  c_p.l(__rtentry2.o)
    0x08003156   0x08003156   0x00000002   Code   RO         4805    .ARM.Collect$$rtexit$$00000000  c_p.l(rtexit.o)
    0x08003158   0x08003158   0x00000000   Code   RO         4863    .ARM.Collect$$rtexit$$00000002  c_p.l(rtexit2.o)
    0x08003158   0x08003158   0x00000004   Code   RO         4864    .ARM.Collect$$rtexit$$00000003  c_p.l(rtexit2.o)
    0x0800315c   0x0800315c   0x00000006   Code   RO         4865    .ARM.Collect$$rtexit$$00000004  c_p.l(rtexit2.o)
    0x08003162   0x08003162   0x00000002   PAD
    0x08003164   0x08003164   0x00000038   Code   RO         4688    .emb_text           c_p.l(rt_memcpy.o)
    0x0800319c   0x0800319c   0x00000034   Code   RO            4    .text               startup_stm32f072xb.o
    0x080031d0   0x080031d0   0x00000022   Code   RO         4682    .text               c_p.l(llushr.o)
    0x080031f2   0x080031f2   0x00000030   Code   RO         4684    .text               c_p.l(llmul.o)
    0x08003222   0x08003222   0x00000102   Code   RO         4686    .text               c_p.l(lludiv.o)
    0x08003324   0x08003324   0x00000082   Code   RO         4689    .text               c_p.l(rt_memcpy.o)
    0x080033a6   0x080033a6   0x00000040   Code   RO         4692    .text               c_p.l(rt_memclr.o)
    0x080033e6   0x080033e6   0x0000015a   Code   RO         4694    .text               c_p.l(aeabi_sdiv.o)
    0x08003540   0x08003540   0x00000006   Code   RO         4698    .text               c_p.l(heapauxi.o)
    0x08003546   0x08003546   0x00000002   PAD
    0x08003548   0x08003548   0x0000007c   Code   RO         4702    .text               fz_ps.l(d2f.o)
    0x080035c4   0x080035c4   0x00000358   Code   RO         4704    .text               fz_ps.l(daddsub.o)
    0x0800391c   0x0800391c   0x00000448   Code   RO         4706    .text               fz_ps.l(ddiv.o)
    0x08003d64   0x08003d64   0x00000048   Code   RO         4709    .text               fz_ps.l(dfixui.o)
    0x08003dac   0x08003dac   0x00000058   Code   RO         4711    .text               fz_ps.l(dflti.o)
    0x08003e04   0x08003e04   0x00000248   Code   RO         4713    .text               fz_ps.l(dmul.o)
    0x0800404c   0x0800404c   0x00000054   Code   RO         4715    .text               fz_ps.l(f2d.o)
    0x080040a0   0x080040a0   0x00000160   Code   RO         4723    .text               fz_ps.l(fdiv.o)
    0x08004200   0x08004200   0x00000030   Code   RO         4726    .text               fz_ps.l(ffixui.o)
    0x08004230   0x08004230   0x0000005e   Code   RO         4728    .text               fz_ps.l(fflti.o)
    0x0800428e   0x0800428e   0x00000002   PAD
    0x08004290   0x08004290   0x00000044   Code   RO         4732    .text               fz_ps.l(fscalbn.o)
    0x080042d4   0x080042d4   0x00000016   Code   RO         4751    .text               c_p.l(_rserrno.o)
    0x080042ea   0x080042ea   0x00000002   PAD
    0x080042ec   0x080042ec   0x00000100   Code   RO         4755    .text               fz_ps.l(dsqrt.o)
    0x080043ec   0x080043ec   0x00000008   Code   RO         4778    .text               c_p.l(rt_errno_addr_intlibspace.o)
    0x080043f4   0x080043f4   0x00000008   Code   RO         4782    .text               c_p.l(libspace.o)
    0x080043fc   0x080043fc   0x0000003e   Code   RO         4785    .text               c_p.l(sys_stackheap_outer.o)
    0x0800443a   0x0800443a   0x00000010   Code   RO         4788    .text               c_p.l(exit.o)
    0x0800444a   0x0800444a   0x00000002   PAD
    0x0800444c   0x0800444c   0x0000000c   Code   RO         4860    .text               c_p.l(sys_exit.o)
    0x08004458   0x08004458   0x00000002   Code   RO         4879    .text               c_p.l(use_no_semi.o)
    0x0800445a   0x0800445a   0x00000000   Code   RO         4881    .text               c_p.l(indicate_semi.o)
    0x0800445a   0x0800445a   0x00000002   PAD
    0x0800445c   0x0800445c   0x00000010   Code   RO          812    i.ADC1_COMP_IRQHandler  adc_bsp.o
    0x0800446c   0x0800446c   0x00000014   Code   RO          813    i.BSP_ADC_DMA_Disable_IT  adc_bsp.o
    0x08004480   0x08004480   0x00000048   Code   RO          876    i.BSP_DAC_Convert   dac_bsp.o
    0x080044c8   0x080044c8   0x00000040   Code   RO          877    i.BSP_DAC_Init      dac_bsp.o
    0x08004508   0x08004508   0x0000002c   Code   RO          878    i.BSP_Get_DAC       dac_bsp.o
    0x08004534   0x08004534   0x00000034   Code   RO          922    i.BSP_IWDG_Init     iwdg_bsp.o
    0x08004568   0x08004568   0x00000010   Code   RO          923    i.BSP_IWDG_Refresh  iwdg_bsp.o
    0x08004578   0x08004578   0x0000004c   Code   RO          760    i.BSP_SPI_Init      spi_bsp.o
    0x080045c4   0x080045c4   0x00000024   Code   RO          762    i.BSP_SPI_Transmit  spi_bsp.o
    0x080045e8   0x080045e8   0x00000028   Code   RO          763    i.BSP_SPI_TransmitReceive  spi_bsp.o
    0x08004610   0x08004610   0x00000058   Code   RO          950    i.BSP_UART_CharMatch_Config  usart_bsp.o
    0x08004668   0x08004668   0x0000001c   Code   RO          951    i.BSP_UART_Receive_DMA  usart_bsp.o
    0x08004684   0x08004684   0x0000003c   Code   RO          952    i.BSP_UART_ReceiverTimeout_Config  usart_bsp.o
    0x080046c0   0x080046c0   0x0000001c   Code   RO          953    i.BSP_UART_Transmit_DMA  usart_bsp.o
    0x080046dc   0x080046dc   0x00000054   Code   RO          955    i.BSP_USART_UART_Init  usart_bsp.o
    0x08004730   0x08004730   0x00000020   Code   RO         1268    i.BankUp_Data       modbus_conf.o
    0x08004750   0x08004750   0x00000010   Code   RO          817    i.DMA1_Channel1_IRQHandler  adc_bsp.o
    0x08004760   0x08004760   0x00000018   Code   RO          956    i.DMA1_Channel2_3_IRQHandler  usart_bsp.o
    0x08004778   0x08004778   0x00000024   Code   RO         2046    i.DMA_CalcBaseAndBitshift  stm32f0xx_hal_dma.o
    0x0800479c   0x0800479c   0x0000002a   Code   RO         2047    i.DMA_SetConfig     stm32f0xx_hal_dma.o
    0x080047c6   0x080047c6   0x0000000e   Code   RO          588    i.DataConvertParam_Init  param_init.o
    0x080047d4   0x080047d4   0x00000034   Code   RO          589    i.DataFilterParam_Init  param_init.o
    0x08004808   0x08004808   0x00000002   Code   RO           12    i.Error_Handler     main.o
    0x0800480a   0x0800480a   0x00000002   PAD
    0x0800480c   0x0800480c   0x00000024   Code   RO         2489    i.FLASH_MassErase   stm32f0xx_hal_flash_ex.o
    0x08004830   0x08004830   0x00000024   Code   RO         2498    i.FLASH_PageErase   stm32f0xx_hal_flash_ex.o
    0x08004854   0x08004854   0x00000020   Code   RO         2390    i.FLASH_Program_HalfWord  stm32f0xx_hal_flash.o
    0x08004874   0x08004874   0x00000038   Code   RO         2391    i.FLASH_SetErrorCode  stm32f0xx_hal_flash.o
    0x080048ac   0x080048ac   0x00000050   Code   RO         2392    i.FLASH_WaitForLastOperation  stm32f0xx_hal_flash.o
    0x080048fc   0x080048fc   0x00000020   Code   RO         1269    i.Factory_Data_Reset  modbus_conf.o
    0x0800491c   0x0800491c   0x00000038   Code   RO          438    i.GetAverage        typeconvert.o
    0x08004954   0x08004954   0x00000024   Code   RO          439    i.GetDelExtremeAndAverage  typeconvert.o
    0x08004978   0x08004978   0x00000020   Code   RO          535    i.HAL_ADC_ConvCpltCallback  adc_app.o
    0x08004998   0x08004998   0x00000002   Code   RO         1433    i.HAL_ADC_ErrorCallback  stm32f0xx_hal_adc.o
    0x0800499a   0x0800499a   0x000000d0   Code   RO         1437    i.HAL_ADC_IRQHandler  stm32f0xx_hal_adc.o
    0x08004a6a   0x08004a6a   0x00000002   Code   RO         1439    i.HAL_ADC_LevelOutOfWindowCallback  stm32f0xx_hal_adc.o
    0x08004a6c   0x08004a6c   0x00000038   Code   RO         2795    i.HAL_DAC_ConfigChannel  stm32f0xx_hal_dac_ex.o
    0x08004aa4   0x08004aa4   0x0000000e   Code   RO         2796    i.HAL_DAC_GetValue  stm32f0xx_hal_dac_ex.o
    0x08004ab2   0x08004ab2   0x0000002c   Code   RO         2669    i.HAL_DAC_Init      stm32f0xx_hal_dac.o
    0x08004ade   0x08004ade   0x00000002   PAD
    0x08004ae0   0x08004ae0   0x0000004c   Code   RO          880    i.HAL_DAC_MspInit   dac_bsp.o
    0x08004b2c   0x08004b2c   0x00000020   Code   RO         2672    i.HAL_DAC_SetValue  stm32f0xx_hal_dac.o
    0x08004b4c   0x08004b4c   0x00000056   Code   RO         2798    i.HAL_DAC_Start     stm32f0xx_hal_dac_ex.o
    0x08004ba2   0x08004ba2   0x000000aa   Code   RO         2053    i.HAL_DMA_IRQHandler  stm32f0xx_hal_dma.o
    0x08004c4c   0x08004c4c   0x00000050   Code   RO         2054    i.HAL_DMA_Init      stm32f0xx_hal_dma.o
    0x08004c9c   0x08004c9c   0x00000072   Code   RO         2058    i.HAL_DMA_Start_IT  stm32f0xx_hal_dma.o
    0x08004d0e   0x08004d0e   0x00000002   PAD
    0x08004d10   0x08004d10   0x00000024   Code   RO         1803    i.HAL_Delay         stm32f0xx_hal.o
    0x08004d34   0x08004d34   0x000000a0   Code   RO         2499    i.HAL_FLASHEx_Erase  stm32f0xx_hal_flash_ex.o
    0x08004dd4   0x08004dd4   0x00000014   Code   RO         2396    i.HAL_FLASH_Lock    stm32f0xx_hal_flash.o
    0x08004de8   0x08004de8   0x00000084   Code   RO         2401    i.HAL_FLASH_Program  stm32f0xx_hal_flash.o
    0x08004e6c   0x08004e6c   0x00000028   Code   RO         2403    i.HAL_FLASH_Unlock  stm32f0xx_hal_flash.o
    0x08004e94   0x08004e94   0x00000158   Code   RO         1987    i.HAL_GPIO_Init     stm32f0xx_hal_gpio.o
    0x08004fec   0x08004fec   0x0000000c   Code   RO         1991    i.HAL_GPIO_WritePin  stm32f0xx_hal_gpio.o
    0x08004ff8   0x08004ff8   0x0000000c   Code   RO         1807    i.HAL_GetTick       stm32f0xx_hal.o
    0x08005004   0x08005004   0x00000064   Code   RO         2906    i.HAL_IWDG_Init     stm32f0xx_hal_iwdg.o
    0x08005068   0x08005068   0x00000010   Code   RO         2907    i.HAL_IWDG_Refresh  stm32f0xx_hal_iwdg.o
    0x08005078   0x08005078   0x00000010   Code   RO         1813    i.HAL_IncTick       stm32f0xx_hal.o
    0x08005088   0x08005088   0x00000020   Code   RO         1814    i.HAL_Init          stm32f0xx_hal.o
    0x080050a8   0x080050a8   0x00000048   Code   RO         1815    i.HAL_InitTick      stm32f0xx_hal.o
    0x080050f0   0x080050f0   0x00000034   Code   RO          262    i.HAL_MspInit       stm32f0xx_hal_msp.o
    0x08005124   0x08005124   0x00000018   Code   RO         2144    i.HAL_NVIC_EnableIRQ  stm32f0xx_hal_cortex.o
    0x0800513c   0x0800513c   0x00000008   Code   RO         2148    i.HAL_NVIC_SetPriority  stm32f0xx_hal_cortex.o
    0x08005144   0x08005144   0x0000001c   Code   RO         2149    i.HAL_NVIC_SystemReset  stm32f0xx_hal_cortex.o
    0x08005160   0x08005160   0x00000124   Code   RO         1723    i.HAL_RCCEx_PeriphCLKConfig  stm32f0xx_hal_rcc_ex.o
    0x08005284   0x08005284   0x0000012c   Code   RO         1619    i.HAL_RCC_ClockConfig  stm32f0xx_hal_rcc.o
    0x080053b0   0x080053b0   0x0000000c   Code   RO         1624    i.HAL_RCC_GetHCLKFreq  stm32f0xx_hal_rcc.o
    0x080053bc   0x080053bc   0x00000020   Code   RO         1626    i.HAL_RCC_GetPCLK1Freq  stm32f0xx_hal_rcc.o
    0x080053dc   0x080053dc   0x000000bc   Code   RO         1627    i.HAL_RCC_GetSysClockFreq  stm32f0xx_hal_rcc.o
    0x08005498   0x08005498   0x000004a2   Code   RO         1630    i.HAL_RCC_OscConfig  stm32f0xx_hal_rcc.o
    0x0800593a   0x0800593a   0x000000ba   Code   RO         4316    i.HAL_SPI_Init      stm32f0xx_hal_spi.o
    0x080059f4   0x080059f4   0x00000088   Code   RO          765    i.HAL_SPI_MspInit   spi_bsp.o
    0x08005a7c   0x08005a7c   0x000001b8   Code   RO         4324    i.HAL_SPI_Transmit  stm32f0xx_hal_spi.o
    0x08005c34   0x08005c34   0x00000272   Code   RO         4325    i.HAL_SPI_TransmitReceive  stm32f0xx_hal_spi.o
    0x08005ea6   0x08005ea6   0x00000002   PAD
    0x08005ea8   0x08005ea8   0x00000030   Code   RO         2152    i.HAL_SYSTICK_Config  stm32f0xx_hal_cortex.o
    0x08005ed8   0x08005ed8   0x00000060   Code   RO         3646    i.HAL_TIMEx_MasterConfigSynchronization  stm32f0xx_hal_tim_ex.o
    0x08005f38   0x08005f38   0x00000036   Code   RO         2934    i.HAL_TIM_Base_Init  stm32f0xx_hal_tim.o
    0x08005f6e   0x08005f6e   0x00000002   PAD
    0x08005f70   0x08005f70   0x00000068   Code   RO         1043    i.HAL_TIM_Base_MspInit  tim_bsp.o
    0x08005fd8   0x08005fd8   0x000000dc   Code   RO         2943    i.HAL_TIM_ConfigClockSource  stm32f0xx_hal_tim.o
    0x080060b4   0x080060b4   0x00000024   Code   RO         2964    i.HAL_TIM_GenerateEvent  stm32f0xx_hal_tim.o
    0x080060d8   0x080060d8   0x00000078   Code   RO         1044    i.HAL_TIM_MspPostInit  tim_bsp.o
    0x08006150   0x08006150   0x000000e0   Code   RO         3003    i.HAL_TIM_PWM_ConfigChannel  stm32f0xx_hal_tim.o
    0x08006230   0x08006230   0x00000036   Code   RO         3006    i.HAL_TIM_PWM_Init  stm32f0xx_hal_tim.o
    0x08006266   0x08006266   0x00000002   Code   RO         3008    i.HAL_TIM_PWM_MspInit  stm32f0xx_hal_tim.o
    0x08006268   0x08006268   0x00000058   Code   RO         3011    i.HAL_TIM_PWM_Start  stm32f0xx_hal_tim.o
    0x080062c0   0x080062c0   0x0000003c   Code   RO          282    i.HAL_UART_CMatchCallback  usart_app.o
    0x080062fc   0x080062fc   0x00000002   Code   RO         3899    i.HAL_UART_ErrorCallback  stm32f0xx_hal_uart.o
    0x080062fe   0x080062fe   0x00000070   Code   RO         3903    i.HAL_UART_Init     stm32f0xx_hal_uart.o
    0x0800636e   0x0800636e   0x00000002   PAD
    0x08006370   0x08006370   0x000000fc   Code   RO          959    i.HAL_UART_MspInit  usart_bsp.o
    0x0800646c   0x0800646c   0x000000c0   Code   RO         3907    i.HAL_UART_Receive_DMA  stm32f0xx_hal_uart.o
    0x0800652c   0x0800652c   0x0000000c   Code   RO          283    i.HAL_UART_RxCpltCallback  usart_app.o
    0x08006538   0x08006538   0x00000002   Code   RO         3911    i.HAL_UART_RxHalfCpltCallback  stm32f0xx_hal_uart.o
    0x0800653a   0x0800653a   0x00000002   PAD
    0x0800653c   0x0800653c   0x0000003c   Code   RO          284    i.HAL_UART_RxTimoCallback  usart_app.o
    0x08006578   0x08006578   0x000000b4   Code   RO         3913    i.HAL_UART_Transmit_DMA  stm32f0xx_hal_uart.o
    0x0800662c   0x0800662c   0x0000001c   Code   RO          285    i.HAL_UART_TxCpltCallback  usart_app.o
    0x08006648   0x08006648   0x00000002   Code   RO         3916    i.HAL_UART_TxHalfCpltCallback  stm32f0xx_hal_uart.o
    0x0800664a   0x0800664a   0x00000002   Code   RO          215    i.HardFault_Handler  stm32f0xx_it.o
    0x0800664c   0x0800664c   0x00000016   Code   RO          440    i.HexToFloat        typeconvert.o
    0x08006662   0x08006662   0x00000002   PAD
    0x08006664   0x08006664   0x00000030   Code   RO          626    i.InFlash_Erase_Page  in_flash.o
    0x08006694   0x08006694   0x00000020   Code   RO          627    i.InFlash_Read_MultiBytes  in_flash.o
    0x080066b4   0x080066b4   0x0000000c   Code   RO          628    i.InFlash_Read_OneByte  in_flash.o
    0x080066c0   0x080066c0   0x000000e8   Code   RO          629    i.InFlash_Write_MultiBytes  in_flash.o
    0x080067a8   0x080067a8   0x000000b4   Code   RO          630    i.InFlash_Write_OneByte  in_flash.o
    0x0800685c   0x0800685c   0x00000008   Code   RO          482    i.InMemory_Read_MultiBytes  in_memory_app.o
    0x08006864   0x08006864   0x00000008   Code   RO          483    i.InMemory_Read_OneByte  in_memory_app.o
    0x0800686c   0x0800686c   0x00000084   Code   RO          484    i.InMemory_SystemParam_Check  in_memory_app.o
    0x080068f0   0x080068f0   0x00000034   Code   RO          485    i.InMemory_Write2T_MultiBytes  in_memory_app.o
    0x08006924   0x08006924   0x00000008   Code   RO          486    i.InMemory_Write_MultiBytes  in_memory_app.o
    0x0800692c   0x0800692c   0x00000008   Code   RO          487    i.InMemory_Write_OneByte  in_memory_app.o
    0x08006934   0x08006934   0x00000050   Code   RO         1270    i.MB_CapDAOut_Calibration  modbus_conf.o
    0x08006984   0x08006984   0x0000006c   Code   RO         1271    i.MB_CapPWMOut_Calibration  modbus_conf.o
    0x080069f0   0x080069f0   0x00000030   Code   RO         1272    i.MB_Cap_Calibration  modbus_conf.o
    0x08006a20   0x08006a20   0x00000008   Code   RO         1273    i.MB_Freeze         modbus_conf.o
    0x08006a28   0x08006a28   0x00000010   Code   RO         1274    i.MB_SendData_NoCheck  modbus_conf.o
    0x08006a38   0x08006a38   0x00000012   Code   RO         1275    i.MB_System_Reset   modbus_conf.o
    0x08006a4a   0x08006a4a   0x00000018   Code   RO         1276    i.MB_USART_ReInit   modbus_conf.o
    0x08006a62   0x08006a62   0x00000028   Code   RO         1204    i.MODBUS_ASCII_AsciiPacketToRtuPacket  modbus_ascii.o
    0x08006a8a   0x08006a8a   0x00000040   Code   RO         1205    i.MODBUS_ASCII_AsciiToHex  modbus_ascii.o
    0x08006aca   0x08006aca   0x00000032   Code   RO         1206    i.MODBUS_ASCII_CheckAscii  modbus_ascii.o
    0x08006afc   0x08006afc   0x00000024   Code   RO         1207    i.MODBUS_ASCII_HexToAscii  modbus_ascii.o
    0x08006b20   0x08006b20   0x00000070   Code   RO         1208    i.MODBUS_ASCII_RecvData  modbus_ascii.o
    0x08006b90   0x08006b90   0x00000026   Code   RO         1209    i.MODBUS_ASCII_RtuPacketToAsciiPacket  modbus_ascii.o
    0x08006bb6   0x08006bb6   0x00000002   PAD
    0x08006bb8   0x08006bb8   0x00000080   Code   RO         1210    i.MODBUS_ASCII_SendData  modbus_ascii.o
    0x08006c38   0x08006c38   0x0000001c   Code   RO         1211    i.MODBUS_GetLrc     modbus_ascii.o
    0x08006c54   0x08006c54   0x00000020   Code   RO         1101    i.ModBus_Init       modbus.o
    0x08006c74   0x08006c74   0x0000000e   Code   RO          590    i.ModBus_Param_Init  param_init.o
    0x08006c82   0x08006c82   0x00000050   Code   RO         1277    i.ModBus_ReadPreHandle  modbus_conf.o
    0x08006cd2   0x08006cd2   0x00000050   Code   RO         1278    i.ModBus_WritePreHandle  modbus_conf.o
    0x08006d22   0x08006d22   0x0000006e   Code   RO         1279    i.ModbusAutoUpload  modbus_conf.o
    0x08006d90   0x08006d90   0x0000017c   Code   RO         1280    i.ModbusFunc03      modbus_conf.o
    0x08006f0c   0x08006f0c   0x00000106   Code   RO         1281    i.ModbusFunc04      modbus_conf.o
    0x08007012   0x08007012   0x00000002   PAD
    0x08007014   0x08007014   0x00000110   Code   RO         1282    i.ModbusFunc05      modbus_conf.o
    0x08007124   0x08007124   0x00000230   Code   RO         1283    i.ModbusFunc10      modbus_conf.o
    0x08007354   0x08007354   0x000001cc   Code   RO         1284    i.ModbusFunc25      modbus_conf.o
    0x08007520   0x08007520   0x000001f6   Code   RO         1285    i.ModbusFunc26      modbus_conf.o
    0x08007716   0x08007716   0x00000002   PAD
    0x08007718   0x08007718   0x00000508   Code   RO         1286    i.ModbusFunc27      modbus_conf.o
    0x08007c20   0x08007c20   0x00000002   Code   RO         1110    i.ModbusFunc2A      modbus.o
    0x08007c22   0x08007c22   0x00000002   PAD
    0x08007c24   0x08007c24   0x00000164   Code   RO         1287    i.ModbusFunc2B      modbus_conf.o
    0x08007d88   0x08007d88   0x00000074   Code   RO         1288    i.ModbusFunc41      modbus_conf.o
    0x08007dfc   0x08007dfc   0x000000ec   Code   RO         1113    i.ModbusHandle      modbus.o
    0x08007ee8   0x08007ee8   0x00000002   Code   RO          216    i.NMI_Handler       stm32f0xx_it.o
    0x08007eea   0x08007eea   0x00000038   Code   RO          673    i.PCap_Enable       picocap.o
    0x08007f22   0x08007f22   0x00000002   PAD
    0x08007f24   0x08007f24   0x00000058   Code   RO          378    i.PCap_GetTemp      picocap_app.o
    0x08007f7c   0x08007f7c   0x00000054   Code   RO          674    i.PCap_Init         picocap.o
    0x08007fd0   0x08007fd0   0x0000002c   Code   RO          675    i.PCap_Measure      picocap.o
    0x08007ffc   0x08007ffc   0x0000004c   Code   RO          676    i.PCap_NSS_Config   picocap.o
    0x08008048   0x08008048   0x0000002c   Code   RO          677    i.PCap_PTL_Reset    picocap.o
    0x08008074   0x08008074   0x00000050   Code   RO          678    i.PCap_Reg_Config   picocap.o
    0x080080c4   0x080080c4   0x0000004c   Code   RO          679    i.PCap_Res_Data     picocap.o
    0x08008110   0x08008110   0x00000048   Code   RO          680    i.PCap_Res_Sta      picocap.o
    0x08008158   0x08008158   0x0000002c   Code   RO          681    i.PCap_Reset        picocap.o
    0x08008184   0x08008184   0x000000b4   Code   RO          682    i.PCap_WR_SRAM      picocap.o
    0x08008238   0x08008238   0x00000002   Code   RO          217    i.PendSV_Handler    stm32f0xx_it.o
    0x0800823a   0x0800823a   0x00000066   Code   RO         4354    i.SPI_EndRxTxTransaction  stm32f0xx_hal_spi.o
    0x080082a0   0x080082a0   0x00000090   Code   RO         4359    i.SPI_WaitFifoStateUntilTimeout  stm32f0xx_hal_spi.o
    0x08008330   0x08008330   0x0000008c   Code   RO         4360    i.SPI_WaitFlagStateUntilTimeout  stm32f0xx_hal_spi.o
    0x080083bc   0x080083bc   0x00000002   Code   RO          218    i.SVC_Handler       stm32f0xx_it.o
    0x080083be   0x080083be   0x00000028   Code   RO         1114    i.Send_Data         modbus.o
    0x080083e6   0x080083e6   0x00000002   PAD
    0x080083e8   0x080083e8   0x00000190   Code   RO          379    i.Sensor_DataFilter  picocap_app.o
    0x08008578   0x08008578   0x0000016a   Code   RO          380    i.Sensor_PCap_DA_Convert  picocap_app.o
    0x080086e2   0x080086e2   0x00000002   PAD
    0x080086e4   0x080086e4   0x000000a0   Code   RO          381    i.Sensor_PCap_DataConvert  picocap_app.o
    0x08008784   0x08008784   0x00000038   Code   RO          382    i.Sensor_PCap_GetResult  picocap_app.o
    0x080087bc   0x080087bc   0x00000182   Code   RO          383    i.Sensor_PCap_PWM_Convert  picocap_app.o
    0x0800893e   0x0800893e   0x00000002   PAD
    0x08008940   0x08008940   0x0000000c   Code   RO          286    i.Sensor_USART_Clear_RX_Updata_Flag  usart_app.o
    0x0800894c   0x0800894c   0x0000000c   Code   RO          287    i.Sensor_USART_Clear_TX_Cplt_Flag  usart_app.o
    0x08008958   0x08008958   0x00000054   Code   RO          288    i.Sensor_USART_GetReceData  usart_app.o
    0x080089ac   0x080089ac   0x0000000c   Code   RO          291    i.Sensor_USART_Get_RX_Updata_Flag  usart_app.o
    0x080089b8   0x080089b8   0x0000000c   Code   RO          292    i.Sensor_USART_Get_TX_Cplt_Flag  usart_app.o
    0x080089c4   0x080089c4   0x0000007c   Code   RO          293    i.Sensor_USART_Init  usart_app.o
    0x08008a40   0x08008a40   0x00000062   Code   RO          442    i.SortArrayExtreme  typeconvert.o
    0x08008aa2   0x08008aa2   0x00000076   Code   RO          384    i.SwitchCurFilter   picocap_app.o
    0x08008b18   0x08008b18   0x00000008   Code   RO          219    i.SysTick_Handler   stm32f0xx_it.o
    0x08008b20   0x08008b20   0x00000078   Code   RO           13    i.SystemClock_Config  main.o
    0x08008b98   0x08008b98   0x00000002   Code   RO         4649    i.SystemInit        system_stm32f0xx.o
    0x08008b9a   0x08008b9a   0x00000002   PAD
    0x08008b9c   0x08008b9c   0x000000a4   Code   RO         1045    i.TIM3_PWM_Init     tim_bsp.o
    0x08008c40   0x08008c40   0x000000f4   Code   RO         1046    i.TIM3_PWM_Set      tim_bsp.o
    0x08008d34   0x08008d34   0x00000010   Code   RO         1047    i.TIM3_PWM_Start    tim_bsp.o
    0x08008d44   0x08008d44   0x00000094   Code   RO         3024    i.TIM_Base_SetConfig  stm32f0xx_hal_tim.o
    0x08008dd8   0x08008dd8   0x0000001a   Code   RO         3025    i.TIM_CCxChannelCmd  stm32f0xx_hal_tim.o
    0x08008df2   0x08008df2   0x00000002   PAD
    0x08008df4   0x08008df4   0x00000020   Code   RO         1048    i.TIM_DevObj_Init   tim_bsp.o
    0x08008e14   0x08008e14   0x00000016   Code   RO         3035    i.TIM_ETR_SetConfig  stm32f0xx_hal_tim.o
    0x08008e2a   0x08008e2a   0x00000010   Code   RO         3036    i.TIM_ITRx_SetConfig  stm32f0xx_hal_tim.o
    0x08008e3a   0x08008e3a   0x00000002   PAD
    0x08008e3c   0x08008e3c   0x0000008c   Code   RO         3037    i.TIM_OC1_SetConfig  stm32f0xx_hal_tim.o
    0x08008ec8   0x08008ec8   0x0000008c   Code   RO         3038    i.TIM_OC2_SetConfig  stm32f0xx_hal_tim.o
    0x08008f54   0x08008f54   0x00000088   Code   RO         3039    i.TIM_OC3_SetConfig  stm32f0xx_hal_tim.o
    0x08008fdc   0x08008fdc   0x00000074   Code   RO         3040    i.TIM_OC4_SetConfig  stm32f0xx_hal_tim.o
    0x08009050   0x08009050   0x00000022   Code   RO         3042    i.TIM_TI1_ConfigInputStage  stm32f0xx_hal_tim.o
    0x08009072   0x08009072   0x00000026   Code   RO         3044    i.TIM_TI2_ConfigInputStage  stm32f0xx_hal_tim.o
    0x08009098   0x08009098   0x000000ca   Code   RO         3917    i.UART_AdvFeatureConfig  stm32f0xx_hal_uart.o
    0x08009162   0x08009162   0x00000002   PAD
    0x08009164   0x08009164   0x00000064   Code   RO         3918    i.UART_CheckIdleState  stm32f0xx_hal_uart.o
    0x080091c8   0x080091c8   0x00000048   Code   RO         3920    i.UART_DMAError     stm32f0xx_hal_uart.o
    0x08009210   0x08009210   0x0000003c   Code   RO         3921    i.UART_DMAReceiveCplt  stm32f0xx_hal_uart.o
    0x0800924c   0x0800924c   0x0000000a   Code   RO         3923    i.UART_DMARxHalfCplt  stm32f0xx_hal_uart.o
    0x08009256   0x08009256   0x0000002e   Code   RO         3925    i.UART_DMATransmitCplt  stm32f0xx_hal_uart.o
    0x08009284   0x08009284   0x0000000a   Code   RO         3927    i.UART_DMATxHalfCplt  stm32f0xx_hal_uart.o
    0x0800928e   0x0800928e   0x00000020   Code   RO         3929    i.UART_EndRxTransfer  stm32f0xx_hal_uart.o
    0x080092ae   0x080092ae   0x00000010   Code   RO         3931    i.UART_EndTxTransfer  stm32f0xx_hal_uart.o
    0x080092be   0x080092be   0x00000002   PAD
    0x080092c0   0x080092c0   0x000001d8   Code   RO         3934    i.UART_SetConfig    stm32f0xx_hal_uart.o
    0x08009498   0x08009498   0x000000a2   Code   RO         3937    i.UART_WaitOnFlagUntilTimeout  stm32f0xx_hal_uart.o
    0x0800953a   0x0800953a   0x00000002   PAD
    0x0800953c   0x0800953c   0x00000088   Code   RO          961    i.USART1_IRQHandler  usart_bsp.o
    0x080095c4   0x080095c4   0x0000004c   Code   RO          294    i._485_RE_DE_GPIO_Init  usart_app.o
    0x08009610   0x08009610   0x00000030   Code   RO         1705    i.__ARM_common_ll_muluu  stm32f0xx_hal_rcc.o
    0x08009640   0x08009640   0x0000001a   Code   RO          371    i.__ARM_common_switch8  usart_app.o
    0x0800965a   0x0800965a   0x00000002   PAD
    0x0800965c   0x0800965c   0x00000044   Code   RO         2154    i.__NVIC_SetPriority  stm32f0xx_hal_cortex.o
    0x080096a0   0x080096a0   0x000001ec   Code   RO           14    i.main              main.o
    0x0800988c   0x0800988c   0x00000048   Code   RO         4735    i.sqrt              m_ps.l(sqrt.o)
    0x080098d4   0x080098d4   0x0000008c   Code   RO         4717    x$fpl$fadd          fz_ps.l(faddsub.o)
    0x08009960   0x08009960   0x000000b0   Code   RO         4730    x$fpl$fmul          fz_ps.l(fmul.o)
    0x08009a10   0x08009a10   0x00000018   Code   RO         4718    x$fpl$frsb          fz_ps.l(faddsub.o)
    0x08009a28   0x08009a28   0x000000d0   Code   RO         4719    x$fpl$fsub          fz_ps.l(faddsub.o)
    0x08009af8   0x08009af8   0x00000000   Code   RO         4757    x$fpl$usenofp       fz_ps.l(usenofp.o)
    0x08009af8   0x08009af8   0x00000068   Data   RO          488    .constdata          in_memory_app.o
    0x08009b60   0x08009b60   0x00000404   Data   RO          683    .constdata          picocap.o
    0x08009f64   0x08009f64   0x00000043   Data   RO         1290    .constdata          modbus_conf.o
    0x08009fa7   0x08009fa7   0x00000010   Data   RO         4650    .constdata          system_stm32f0xx.o
    0x08009fb7   0x08009fb7   0x00000008   Data   RO         4651    .constdata          system_stm32f0xx.o
    0x08009fbf   0x08009fbf   0x00000080   Data   RO         4707    .constdata          fz_ps.l(ddiv.o)
    0x0800a03f   0x0800a03f   0x00000040   Data   RO         4724    .constdata          fz_ps.l(fdiv.o)
    0x0800a07f   0x0800a07f   0x00000001   PAD
    0x0800a080   0x0800a080   0x00000020   Data   RO         4931    Region$$Table       anon$$obj.o


    Execution Region RW_IRAM1 (Exec base: 0x200000c0, Load base: 0x0800a0a0, Size: 0x000015c0, Max: 0x00003f40, ABSOLUTE)

    Exec Addr    Load Addr    Size         Type   Attr      Idx    E Section Name        Object

    0x200000c0   0x0800a0a0   0x00000008   Data   RW          296    .data               usart_app.o
    0x200000c8   0x0800a0a8   0x00000001   Data   RW          386    .data               picocap_app.o
    0x200000c9   0x0800a0a9   0x00000001   Data   RW          542    .data               adc_app.o
    0x200000ca   0x0800a0aa   0x00000002   PAD
    0x200000cc   0x0800a0ac   0x00000020   Data   RW         1291    .data               modbus_conf.o
    0x200000ec   0x0800a0cc   0x0000000c   Data   RW         1821    .data               stm32f0xx_hal.o
    0x200000f8   0x0800a0d8   0x00000004   Data   RW         4652    .data               system_stm32f0xx.o
    0x200000fc        -       0x00000098   Zero   RW           16    .bss                main.o
    0x20000194        -       0x00000080   Zero   RW          295    .bss                usart_app.o
    0x20000214        -       0x00000378   Zero   RW          385    .bss                picocap_app.o
    0x2000058c        -       0x00000050   Zero   RW          541    .bss                adc_app.o
    0x200005dc   0x0800a0dc   0x00000004   PAD
    0x200005e0        -       0x00000800   Zero   RW          631    .bss                in_flash.o
    0x20000de0        -       0x00000064   Zero   RW          766    .bss                spi_bsp.o
    0x20000e44        -       0x00000084   Zero   RW          820    .bss                adc_bsp.o
    0x20000ec8        -       0x00000014   Zero   RW          881    .bss                dac_bsp.o
    0x20000edc        -       0x00000010   Zero   RW          924    .bss                iwdg_bsp.o
    0x20000eec        -       0x00000108   Zero   RW          962    .bss                usart_bsp.o
    0x20000ff4        -       0x00000054   Zero   RW         1049    .bss                tim_bsp.o
    0x20001048        -       0x00000100   Zero   RW         1115    .bss                modbus.o
    0x20001148        -       0x00000050   Zero   RW         1212    .bss                modbus_ascii.o
    0x20001198        -       0x00000065   Zero   RW         1289    .bss                modbus_conf.o
    0x200011fd   0x0800a0dc   0x00000003   PAD
    0x20001200        -       0x00000020   Zero   RW         2404    .bss                stm32f0xx_hal_flash.o
    0x20001220        -       0x00000060   Zero   RW         4783    .bss                c_p.l(libspace.o)
    0x20001280        -       0x00000000   Zero   RW            2    HEAP                startup_stm32f072xb.o
    0x20001280        -       0x00000400   Zero   RW            1    STACK               startup_stm32f072xb.o



  Load Region LR$$.ARM.__AT_0x20000000 (Base: 0x20000000, Size: 0x00000000, Max: 0x000000c0, ABSOLUTE)

    Execution Region ER$$.ARM.__AT_0x20000000 (Exec base: 0x20000000, Load base: 0x20000000, Size: 0x000000c0, Max: 0x000000c0, ABSOLUTE, UNINIT)

    Exec Addr    Load Addr    Size         Type   Attr      Idx    E Section Name        Object

    0x20000000        -       0x000000c0   Zero   RW           15    .ARM.__AT_0x20000000  main.o


==============================================================================

Image component sizes


      Code (inc. data)   RO Data    RW Data    ZI Data      Debug   Object Name

        32          8          0          1         80       1235   adc_app.o
        52         16          0          0        132       1699   adc_bsp.o
       256         26          0          0         20       3129   dac_bsp.o
       504         26          0          0       2048       4877   in_flash.o
       216          8        104          0          0       4746   in_memory_app.o
        68         24          0          0         16       1199   iwdg_bsp.o
       614         48          0          0        344     528422   main.o
       310          6          0          0        256       3128   modbus.o
       496          6          0          0         80       6922   modbus_ascii.o
      4832        216         67         32        101      20611   modbus_conf.o
        80          0          0          0          0       2043   param_init.o
       756         18       1028          0          0       6523   picocap.o
      1570         68          0          1        888       7446   picocap_app.o
       288         38          0          0        100       3130   spi_bsp.o
        52         22        192          0       1024        672   startup_stm32f072xb.o
       168         30          0         12          0       8801   stm32f0xx_hal.o
       212          0          0          0          0       2552   stm32f0xx_hal_adc.o
       176         34          0          0          0      11136   stm32f0xx_hal_cortex.o
        76          0          0          0          0       1910   stm32f0xx_hal_dac.o
       156          4          0          0          0       2731   stm32f0xx_hal_dac_ex.o
       442         14          0          0          0       4375   stm32f0xx_hal_dma.o
       360         54          0          0         32       4538   stm32f0xx_hal_flash.o
       232         30          0          0          0       2599   stm32f0xx_hal_flash_ex.o
       356         30          0          0          0       2432   stm32f0xx_hal_gpio.o
       116         18          0          0          0       1819   stm32f0xx_hal_iwdg.o
        52          4          0          0          0        902   stm32f0xx_hal_msp.o
      1766         96          0          0          0       6313   stm32f0xx_hal_rcc.o
       292         12          0          0          0       1640   stm32f0xx_hal_rcc_ex.o
      1638          0          0          0          0       7480   stm32f0xx_hal_spi.o
      1494        108          0          0          0      13658   stm32f0xx_hal_tim.o
        96         12          0          0          0       1392   stm32f0xx_hal_tim_ex.o
      1672         68          0          0          0      13201   stm32f0xx_hal_uart.o
        16          0          0          0          0       2259   stm32f0xx_it.o
         2          0         24          4          0       1195   system_stm32f0xx.o
       680         68          0          0         84       5289   tim_bsp.o
       212          0          0          0          0       3387   typeconvert.o
       518         66          0          8        128       7235   usart_app.o
       700         56          0          0        264      23947   usart_bsp.o

    ----------------------------------------------------------------------
     21604       1234       1447         60       5604     726573   Object Totals
         0          0         32          0          0          0   (incl. Generated)
        46          0          0          2          7          0   (incl. Padding)

    ----------------------------------------------------------------------

      Code (inc. data)   RO Data    RW Data    ZI Data      Debug   Library Member Name

         8          0          0          0          0         68   __main.o
         0          0          0          0          0          0   __rtentry.o
        12          0          0          0          0          0   __rtentry2.o
         6          0          0          0          0          0   __rtentry4.o
        60          8          0          0          0          0   __scatter.o
        26          0          0          0          0          0   __scatter_copy.o
        28          0          0          0          0          0   __scatter_zi.o
        22          0          0          0          0         92   _rserrno.o
       346          0          0          0          0         92   aeabi_sdiv.o
        16          0          0          0          0         68   exit.o
         6          0          0          0          0        136   heapauxi.o
         0          0          0          0          0          0   indicate_semi.o
         2          0          0          0          0          0   libinit.o
         2          0          0          0          0          0   libinit2.o
         2          0          0          0          0          0   libshutdown.o
         2          0          0          0          0          0   libshutdown2.o
         8          4          0          0         96         68   libspace.o
        48          0          0          0          0         72   llmul.o
       258          0          0          0          0         88   lludiv.o
        34          0          0          0          0         68   llushr.o
         8          4          0          0          0         68   rt_errno_addr_intlibspace.o
        64          0          0          0          0        108   rt_memclr.o
       186          0          0          0          0        144   rt_memcpy.o
         2          0          0          0          0          0   rtexit.o
        10          0          0          0          0          0   rtexit2.o
        12          4          0          0          0         60   sys_exit.o
        62          0          0          0          0         80   sys_stackheap_outer.o
         2          0          0          0          0         68   use_no_semi.o
       124          4          0          0          0         72   d2f.o
       856         20          0          0          0        208   daddsub.o
      1096         26        128          0          0        112   ddiv.o
        72          4          0          0          0         68   dfixui.o
        88          0          0          0          0         92   dflti.o
       584         26          0          0          0         84   dmul.o
       256          8          0          0          0         76   dsqrt.o
        84          4          0          0          0         60   f2d.o
       372          8          0          0          0        240   faddsub.o
       352         10         64          0          0         92   fdiv.o
        48          0          0          0          0         60   ffixui.o
        94          0          0          0          0         92   fflti.o
       176          4          0          0          0         80   fmul.o
        68          4          0          0          0         68   fscalbn.o
         0          0          0          0          0          0   usenofp.o
        72          6          0          0          0         76   sqrt.o

    ----------------------------------------------------------------------
      5588        144        193          0         96       2760   Library Totals
        14          0          1          0          0          0   (incl. Padding)

    ----------------------------------------------------------------------

      Code (inc. data)   RO Data    RW Data    ZI Data      Debug   Library Name

      1232         20          0          0         96       1280   c_p.l
      4270        118        192          0          0       1404   fz_ps.l
        72          6          0          0          0         76   m_ps.l

    ----------------------------------------------------------------------
      5588        144        193          0         96       2760   Library Totals

    ----------------------------------------------------------------------

==============================================================================


      Code (inc. data)   RO Data    RW Data    ZI Data      Debug   

     27192       1378       1640         60       5700     719329   Grand Totals
     27192       1378       1640         60       5700     719329   ELF Image Totals
     27192       1378       1640         60          0          0   ROM Totals

==============================================================================

    Total RO  Size (Code + RO Data)                28832 (  28.16kB)
    Total RW  Size (RW Data + ZI Data)              5760 (   5.63kB)
    Total ROM Size (Code + RO Data + RW Data)      28892 (  28.21kB)

==============================================================================

